2026-07-21T06:25:07Z
{
  "lockfileVersion": 3,
  "entries": 57,
  "resolvedHosts": [
    "https://registry.npmjs.org"
  ],
  "hasInstallScript": [
    "node_modules/fsevents",
    "node_modules/vite/node_modules/fsevents"
  ]
}
{
  "auditReportVersion": 2,
  "vulnerabilities": {},
  "metadata": {
    "vulnerabilities": {
      "info": 0,
      "low": 0,
      "moderate": 0,
      "high": 0,
      "critical": 0,
      "total": 0
    },
    "dependencies": {
      "prod": 4,
      "dev": 54,
      "optional": 34,
      "peer": 0,
      "peerOptional": 0,
      "total": 57
    }
  }
}

> i5-02-vite-candidate@0.0.0 build
> vite build

vite v8.1.5 building client environment for production...
[2Ktransforming...✓ 15 modules transformed.
rendering chunks...
computing gzip size...
dist/index.html                   3.51 kB │ gzip:  1.53 kB
dist/assets/index-CQgJtHLc.css    0.93 kB │ gzip:  0.50 kB
dist/assets/index-fCo-rn_D.js   191.33 kB │ gzip: 60.43 kB

✓ built in 99ms

> i5-02-vite-candidate@0.0.0 test
> node --test tests/*.test.mjs

TAP version 13
# Subtest: VITE-FOUNDATION-001 pins static MPA progressive React and exact supply chain
ok 1 - VITE-FOUNDATION-001 pins static MPA progressive React and exact supply chain
  ---
  duration_ms: 0.761125
  type: 'test'
  ...
# Subtest: VITE-FIXTURE-001 build adapter directly reads all four tracked inputs
ok 2 - VITE-FIXTURE-001 build adapter directly reads all four tracked inputs
  ---
  duration_ms: 0.215208
  type: 'test'
  ...
# Subtest: VITE-SEMANTIC-001 emits static ten-act facts before progressive React
ok 3 - VITE-SEMANTIC-001 emits static ten-act facts before progressive React
  ---
  duration_ms: 0.273666
  type: 'test'
  ...
1..3
# tests 3
# suites 0
# pass 3
# fail 0
# cancelled 0
# skipped 0
# todo 0
# duration_ms 45.13325
2026-07-21T06:25:09Z
monotonic_ns=218142487812875

