2026-07-21T06:22:22Z
{
  "lockfileVersion": 3,
  "entries": 58,
  "resolvedHosts": [
    "https://registry.npmjs.org"
  ],
  "hasInstallScript": [
    "node_modules/fsevents",
    "node_modules/sharp"
  ],
  "advisoryDisposition": "Moderate PostCSS build-time stringification advisory; candidate renders project-owned static CSS and no untrusted CSS. No Critical/High."
}
{
  "auditReportVersion": 2,
  "vulnerabilities": {
    "next": {
      "name": "next",
      "severity": "moderate",
      "isDirect": true,
      "via": [
        "postcss"
      ],
      "effects": [],
      "range": "9.3.4-canary.0 - 16.3.0-canary.5",
      "nodes": [
        "node_modules/next"
      ],
      "fixAvailable": {
        "name": "next",
        "version": "9.3.3",
        "isSemVerMajor": true
      }
    },
    "postcss": {
      "name": "postcss",
      "severity": "moderate",
      "isDirect": false,
      "via": [
        {
          "source": 1117015,
          "name": "postcss",
          "dependency": "postcss",
          "title": "PostCSS has XSS via Unescaped </style> in its CSS Stringify Output",
          "url": "https://github.com/advisories/GHSA-qx2v-qp2m-jg93",
          "severity": "moderate",
          "cwe": [
            "CWE-79"
          ],
          "cvss": {
            "score": 6.1,
            "vectorString": "CVSS:3.1/AV:N/AC:L/PR:N/UI:R/S:C/C:L/I:L/A:N"
          },
          "range": "<8.5.10"
        }
      ],
      "effects": [
        "next"
      ],
      "range": "<8.5.10",
      "nodes": [
        "node_modules/postcss"
      ],
      "fixAvailable": {
        "name": "next",
        "version": "9.3.3",
        "isSemVerMajor": true
      }
    }
  },
  "metadata": {
    "vulnerabilities": {
      "info": 0,
      "low": 0,
      "moderate": 2,
      "high": 0,
      "critical": 0,
      "total": 2
    },
    "dependencies": {
      "prod": 19,
      "dev": 3,
      "optional": 38,
      "peer": 0,
      "peerOptional": 0,
      "total": 58
    }
  }
}

> i5-02-next-candidate@0.0.0 build
> NEXT_TELEMETRY_DISABLED=1 next build

▲ Next.js 16.2.10 (Turbopack)

  Creating an optimized production build ...
✓ Compiled successfully in 1204ms
  Running TypeScript ...
  Finished TypeScript in 63ms ...
  Collecting page data using 5 workers ...
  Generating static pages using 5 workers (0/4) ...
  Generating static pages using 5 workers (1/4) 
  Generating static pages using 5 workers (2/4) 
  Generating static pages using 5 workers (3/4) 
✓ Generating static pages using 5 workers (4/4) in 212ms
  Finalizing page optimization ...

Route (app)
┌ ○ /
├ ○ /_not-found
└ ○ /api/fixture


○  (Static)  prerendered as static content


> i5-02-next-candidate@0.0.0 test
> node --test tests/*.test.mjs

TAP version 13
# Subtest: NEXT-FOUNDATION-001 pins standalone App Router and exact supply chain
ok 1 - NEXT-FOUNDATION-001 pins standalone App Router and exact supply chain
  ---
  duration_ms: 0.870583
  type: 'test'
  ...
# Subtest: NEXT-FIXTURE-001 directly reads all four tracked inputs
ok 2 - NEXT-FIXTURE-001 directly reads all four tracked inputs
  ---
  duration_ms: 0.158
  type: 'test'
  ...
# Subtest: NEXT-SEMANTIC-001 prerenders ten acts and four grains with bounded conclusion
ok 3 - NEXT-SEMANTIC-001 prerenders ten acts and four grains with bounded conclusion
  ---
  duration_ms: 0.729875
  type: 'test'
  ...
1..3
# tests 3
# suites 0
# pass 3
# fail 0
# cancelled 0
# skipped 0
# todo 0
# duration_ms 47.6505
2026-07-21T06:22:26Z
monotonic_ns=217979800906208

