2026-07-21T06:31:49Z
TAP version 13
# Subtest: GATE-D-MANUAL missing actual OS evidence forces no-winner
not ok 1 - GATE-D-MANUAL missing actual OS evidence forces no-winner
  ---
  duration_ms: 1.087542
  type: 'test'
  location: '<workspace>/spikes/web/harness/tests/decision.test.mjs:4:1'
  failureType: 'testCodeFailure'
  error: 'GATE-D-RED: missing decision gate'
  code: 'ERR_ASSERTION'
  name: 'AssertionError'
  operator: 'fail'
  stack: |-
    load (file://<workspace>/spikes/web/harness/tests/decision.test.mjs:2:103)
    async TestContext.<anonymous> (file://<workspace>/spikes/web/harness/tests/decision.test.mjs:4:98)
    async Test.run (node:internal/test_runner/test:1054:7)
    async startSubtestAfterBootstrap (node:internal/test_runner/harness:296:3)
  ...
# Subtest: GATE-D-NOSCORE eliminated candidates cannot receive numeric scores
not ok 2 - GATE-D-NOSCORE eliminated candidates cannot receive numeric scores
  ---
  duration_ms: 0.238333
  type: 'test'
  location: '<workspace>/spikes/web/harness/tests/decision.test.mjs:5:1'
  failureType: 'testCodeFailure'
  error: 'GATE-D-RED: missing decision gate'
  code: 'ERR_ASSERTION'
  name: 'AssertionError'
  operator: 'fail'
  stack: |-
    load (file://<workspace>/spikes/web/harness/tests/decision.test.mjs:2:103)
    async TestContext.<anonymous> (file://<workspace>/spikes/web/harness/tests/decision.test.mjs:5:107)
    async Test.run (node:internal/test_runner/test:1054:7)
    async Test.processPendingSubtests (node:internal/test_runner/test:744:7)
  ...
# Subtest: GATE-D-WINNER complete comparable evidence may name only highest passing candidate
not ok 3 - GATE-D-WINNER complete comparable evidence may name only highest passing candidate
  ---
  duration_ms: 0.740708
  type: 'test'
  location: '<workspace>/spikes/web/harness/tests/decision.test.mjs:6:1'
  failureType: 'testCodeFailure'
  error: 'GATE-D-RED: missing decision gate'
  code: 'ERR_ASSERTION'
  name: 'AssertionError'
  operator: 'fail'
  stack: |-
    load (file://<workspace>/spikes/web/harness/tests/decision.test.mjs:2:103)
    async TestContext.<anonymous> (file://<workspace>/spikes/web/harness/tests/decision.test.mjs:6:123)
    async Test.run (node:internal/test_runner/test:1054:7)
    async Test.processPendingSubtests (node:internal/test_runner/test:744:7)
  ...
# Subtest: GATE-D-STATUS ADR automation status is Proposed only
not ok 4 - GATE-D-STATUS ADR automation status is Proposed only
  ---
  duration_ms: 0.337167
  type: 'test'
  location: '<workspace>/spikes/web/harness/tests/decision.test.mjs:7:1'
  failureType: 'testCodeFailure'
  error: 'GATE-D-RED: missing decision gate'
  code: 'ERR_ASSERTION'
  name: 'AssertionError'
  operator: 'fail'
  stack: |-
    load (file://<workspace>/spikes/web/harness/tests/decision.test.mjs:2:103)
    async TestContext.<anonymous> (file://<workspace>/spikes/web/harness/tests/decision.test.mjs:7:90)
    async Test.run (node:internal/test_runner/test:1054:7)
    async Test.processPendingSubtests (node:internal/test_runner/test:744:7)
  ...
1..4
# tests 4
# suites 0
# pass 0
# fail 4
# cancelled 0
# skipped 0
# todo 0
# duration_ms 53.954208
2026-07-21T06:31:49Z

