2026-07-21T06:17:49Z
{
  "lockfileVersion": 3,
  "entries": 351,
  "resolvedHosts": [
    "https://registry.npmjs.org"
  ],
  "hasInstallScript": [
    "node_modules/esbuild",
    "node_modules/fsevents",
    "node_modules/vite/node_modules/fsevents"
  ]
}
{
  "auditReportVersion": 2,
  "vulnerabilities": {},
  "metadata": {
    "vulnerabilities": {
      "info": 0,
      "low": 0,
      "moderate": 0,
      "high": 0,
      "critical": 0,
      "total": 0
    },
    "dependencies": {
      "prod": 233,
      "dev": 6,
      "optional": 111,
      "peer": 4,
      "peerOptional": 0,
      "total": 351
    }
  }
}

> i5-02-astro-candidate@0.0.0 build
> ASTRO_TELEMETRY_DISABLED=1 astro build

13:17:51 [types] Generated 30ms
13:17:51 [build] output: "static"
13:17:51 [build] mode: "static"
13:17:51 [build] directory: <workspace>/spikes/web/candidates/astro/dist/
13:17:51 [build] Collecting build info...
13:17:51 [build] ✓ Completed in 51ms.
13:17:51 [build] Building static entrypoints...
13:17:51 [vite] ✓ built in 168ms
13:17:51 [vite] ✓ built in 64ms
13:17:51 [build] Rearranging server assets...

 generating static routes 
13:17:51   ├─ /index.html (+12ms) 
13:17:51 ✓ Completed in 27ms.

13:17:51 [build] ✓ Completed in 281ms.
13:17:51 [build] 1 page(s) built in 334ms
13:17:51 [build] Complete!

> i5-02-astro-candidate@0.0.0 test
> node --test tests/*.test.mjs

TAP version 13
# Subtest: ASTRO-FOUNDATION-001 pins the frozen native mode and exact supply chain
ok 1 - ASTRO-FOUNDATION-001 pins the frozen native mode and exact supply chain
  ---
  duration_ms: 0.757167
  type: 'test'
  ...
# Subtest: ASTRO-FIXTURE-001 reads all four tracked inputs directly without copies
ok 2 - ASTRO-FIXTURE-001 reads all four tracked inputs directly without copies
  ---
  duration_ms: 0.242292
  type: 'test'
  ...
# Subtest: ASTRO-SEMANTIC-001 emits ten acts, four grains, bounded conclusion and no authority
ok 3 - ASTRO-SEMANTIC-001 emits ten acts, four grains, bounded conclusion and no authority
  ---
  duration_ms: 0.80875
  type: 'test'
  ...
1..3
# tests 3
# suites 0
# pass 3
# fail 0
# cancelled 0
# skipped 0
# todo 0
# duration_ms 47.004917
2026-07-21T06:17:52Z
monotonic_ns=217705017530125

