2026-07-21T06:10:01Z
monotonic_ns=217234615760708
TAP version 13
# Subtest: BARRIER-B-ABSENT rejects an absent dependency input
not ok 1 - BARRIER-B-ABSENT rejects an absent dependency input
  ---
  duration_ms: 1.202208
  type: 'test'
  location: '<workspace>/spikes/web/harness/tests/barrier-b.test.mjs:62:1'
  failureType: 'testCodeFailure'
  error: 'BARRIER-B-RED: missing live Barrier B checker'
  code: 'ERR_ASSERTION'
  name: 'AssertionError'
  operator: 'fail'
  stack: |-
    checker (file://<workspace>/spikes/web/harness/tests/barrier-b.test.mjs:48:56)
    async fails (file://<workspace>/spikes/web/harness/tests/barrier-b.test.mjs:54:39)
    async Test.run (node:internal/test_runner/test:1054:7)
    async startSubtestAfterBootstrap (node:internal/test_runner/harness:296:3)
  ...
# Subtest: BARRIER-B-ANCESTRY rejects an unmerged M2
not ok 2 - BARRIER-B-ANCESTRY rejects an unmerged M2
  ---
  duration_ms: 0.294834
  type: 'test'
  location: '<workspace>/spikes/web/harness/tests/barrier-b.test.mjs:63:1'
  failureType: 'testCodeFailure'
  error: 'BARRIER-B-RED: missing live Barrier B checker'
  code: 'ERR_ASSERTION'
  name: 'AssertionError'
  operator: 'fail'
  stack: |-
    checker (file://<workspace>/spikes/web/harness/tests/barrier-b.test.mjs:48:56)
    async fails (file://<workspace>/spikes/web/harness/tests/barrier-b.test.mjs:54:39)
    async Test.run (node:internal/test_runner/test:1054:7)
    async Test.processPendingSubtests (node:internal/test_runner/test:744:7)
  ...
# Subtest: BARRIER-B-CROSSED rejects crossed path identities
not ok 3 - BARRIER-B-CROSSED rejects crossed path identities
  ---
  duration_ms: 0.182083
  type: 'test'
  location: '<workspace>/spikes/web/harness/tests/barrier-b.test.mjs:64:1'
  failureType: 'testCodeFailure'
  error: 'BARRIER-B-RED: missing live Barrier B checker'
  code: 'ERR_ASSERTION'
  name: 'AssertionError'
  operator: 'fail'
  stack: |-
    checker (file://<workspace>/spikes/web/harness/tests/barrier-b.test.mjs:48:56)
    async fails (file://<workspace>/spikes/web/harness/tests/barrier-b.test.mjs:54:39)
    async Test.run (node:internal/test_runner/test:1054:7)
    async Test.processPendingSubtests (node:internal/test_runner/test:744:7)
  ...
# Subtest: BARRIER-B-TAMPER rejects a changed SHA or blob
not ok 4 - BARRIER-B-TAMPER rejects a changed SHA or blob
  ---
  duration_ms: 0.17375
  type: 'test'
  location: '<workspace>/spikes/web/harness/tests/barrier-b.test.mjs:65:1'
  failureType: 'testCodeFailure'
  error: 'BARRIER-B-RED: missing live Barrier B checker'
  code: 'ERR_ASSERTION'
  name: 'AssertionError'
  operator: 'fail'
  stack: |-
    checker (file://<workspace>/spikes/web/harness/tests/barrier-b.test.mjs:48:56)
    async fails (file://<workspace>/spikes/web/harness/tests/barrier-b.test.mjs:54:39)
    async Test.run (node:internal/test_runner/test:1054:7)
    async Test.processPendingSubtests (node:internal/test_runner/test:744:7)
  ...
# Subtest: BARRIER-B-SCHEMA rejects schema-invalid v2 input
not ok 5 - BARRIER-B-SCHEMA rejects schema-invalid v2 input
  ---
  duration_ms: 0.257667
  type: 'test'
  location: '<workspace>/spikes/web/harness/tests/barrier-b.test.mjs:66:1'
  failureType: 'testCodeFailure'
  error: 'BARRIER-B-RED: missing live Barrier B checker'
  code: 'ERR_ASSERTION'
  name: 'AssertionError'
  operator: 'fail'
  stack: |-
    checker (file://<workspace>/spikes/web/harness/tests/barrier-b.test.mjs:48:56)
    async fails (file://<workspace>/spikes/web/harness/tests/barrier-b.test.mjs:54:39)
    async Test.run (node:internal/test_runner/test:1054:7)
    async Test.processPendingSubtests (node:internal/test_runner/test:744:7)
  ...
# Subtest: BARRIER-B-PORTABLE rejects non-portable or authenticity-laundered input
not ok 6 - BARRIER-B-PORTABLE rejects non-portable or authenticity-laundered input
  ---
  duration_ms: 0.180791
  type: 'test'
  location: '<workspace>/spikes/web/harness/tests/barrier-b.test.mjs:67:1'
  failureType: 'testCodeFailure'
  error: 'BARRIER-B-RED: missing live Barrier B checker'
  code: 'ERR_ASSERTION'
  name: 'AssertionError'
  operator: 'fail'
  stack: |-
    checker (file://<workspace>/spikes/web/harness/tests/barrier-b.test.mjs:48:56)
    async fails (file://<workspace>/spikes/web/harness/tests/barrier-b.test.mjs:54:39)
    async Test.run (node:internal/test_runner/test:1054:7)
    async Test.processPendingSubtests (node:internal/test_runner/test:744:7)
  ...
# Subtest: BARRIER-B-ATTRIBUTION rejects attribution-bearing cross-grain input
not ok 7 - BARRIER-B-ATTRIBUTION rejects attribution-bearing cross-grain input
  ---
  duration_ms: 0.157667
  type: 'test'
  location: '<workspace>/spikes/web/harness/tests/barrier-b.test.mjs:68:1'
  failureType: 'testCodeFailure'
  error: 'BARRIER-B-RED: missing live Barrier B checker'
  code: 'ERR_ASSERTION'
  name: 'AssertionError'
  operator: 'fail'
  stack: |-
    checker (file://<workspace>/spikes/web/harness/tests/barrier-b.test.mjs:48:56)
    async fails (file://<workspace>/spikes/web/harness/tests/barrier-b.test.mjs:54:39)
    async Test.run (node:internal/test_runner/test:1054:7)
    async Test.processPendingSubtests (node:internal/test_runner/test:744:7)
  ...
# Subtest: BARRIER-B-STALE rejects stale recorded digests
not ok 8 - BARRIER-B-STALE rejects stale recorded digests
  ---
  duration_ms: 0.36775
  type: 'test'
  location: '<workspace>/spikes/web/harness/tests/barrier-b.test.mjs:69:1'
  failureType: 'testCodeFailure'
  error: 'BARRIER-B-RED: missing live Barrier B checker'
  code: 'ERR_ASSERTION'
  name: 'AssertionError'
  operator: 'fail'
  stack: |-
    checker (file://<workspace>/spikes/web/harness/tests/barrier-b.test.mjs:48:56)
    async fails (file://<workspace>/spikes/web/harness/tests/barrier-b.test.mjs:54:39)
    async Test.run (node:internal/test_runner/test:1054:7)
    async Test.processPendingSubtests (node:internal/test_runner/test:744:7)
  ...
# Subtest: BARRIER-B-GRAINS requires four exact independent grains and bounded conclusion
not ok 9 - BARRIER-B-GRAINS requires four exact independent grains and bounded conclusion
  ---
  duration_ms: 0.693541
  type: 'test'
  location: '<workspace>/spikes/web/harness/tests/barrier-b.test.mjs:70:1'
  failureType: 'testCodeFailure'
  error: 'BARRIER-B-RED: missing live Barrier B checker'
  code: 'ERR_ASSERTION'
  name: 'AssertionError'
  operator: 'fail'
  stack: |-
    checker (file://<workspace>/spikes/web/harness/tests/barrier-b.test.mjs:48:56)
    async fails (file://<workspace>/spikes/web/harness/tests/barrier-b.test.mjs:54:39)
    async Test.run (node:internal/test_runner/test:1054:7)
    async Test.processPendingSubtests (node:internal/test_runner/test:744:7)
  ...
# Subtest: BARRIER-B-CLEAN rejects Issue \#7 edits to dependency-owned paths
not ok 10 - BARRIER-B-CLEAN rejects Issue \#7 edits to dependency-owned paths
  ---
  duration_ms: 0.471167
  type: 'test'
  location: '<workspace>/spikes/web/harness/tests/barrier-b.test.mjs:71:1'
  failureType: 'testCodeFailure'
  error: 'BARRIER-B-RED: missing live Barrier B checker'
  code: 'ERR_ASSERTION'
  name: 'AssertionError'
  operator: 'fail'
  stack: |-
    checker (file://<workspace>/spikes/web/harness/tests/barrier-b.test.mjs:48:56)
    async fails (file://<workspace>/spikes/web/harness/tests/barrier-b.test.mjs:54:39)
    async Test.run (node:internal/test_runner/test:1054:7)
    async Test.processPendingSubtests (node:internal/test_runner/test:744:7)
  ...
1..10
# tests 10
# suites 0
# pass 0
# fail 10
# cancelled 0
# skipped 0
# todo 0
# duration_ms 59.287792
2026-07-21T06:10:01Z
monotonic_ns=217234751517333

