TAP version 13
# Subtest: V3-07 harness contract closes authority, seven groups, commands, and write paths
ok 1 - V3-07 harness contract closes authority, seven groups, commands, and write paths
  ---
  duration_ms: 1.465625
  type: 'test'
  ...
# Subtest: V3-07 S3 scanner rejects credentials, private paths, PII, injection, and remote imports
ok 2 - V3-07 S3 scanner rejects credentials, private paths, PII, injection, and remote imports
  ---
  duration_ms: 1.092333
  type: 'test'
  ...
# Subtest: V3-07 scanner context keeps authored injection detection while built output excludes only that rule
ok 3 - V3-07 scanner context keeps authored injection detection while built output excludes only that rule
  ---
  duration_ms: 12.246208
  type: 'test'
  ...
# Subtest: V3-07 built-output scan fails closed when the required root is missing
ok 4 - V3-07 built-output scan fails closed when the required root is missing
  ---
  duration_ms: 2.000167
  type: 'test'
  ...
# Subtest: V3-07 built-output scan detects forbidden markers in generated JS, CSS, and source maps
ok 5 - V3-07 built-output scan detects forbidden markers in generated JS, CSS, and source maps
  ---
  duration_ms: 4.579833
  type: 'test'
  ...
# Subtest: V3-07 clean complete built-output scan emits normalized path and SHA-256 inventory
ok 6 - V3-07 clean complete built-output scan emits normalized path and SHA-256 inventory
  ---
  duration_ms: 3.6075
  type: 'test'
  ...
# Subtest: V3-07 built-output scan rejects symlinks, hardlinks, special files, and their escape targets
ok 7 - V3-07 built-output scan rejects symlinks, hardlinks, special files, and their escape targets
  ---
  duration_ms: 5.502208
  type: 'test'
  ...
# Subtest: V3-07 structural built-output scan failure records evidence before run-owned cleanup
ok 8 - V3-07 structural built-output scan failure records evidence before run-owned cleanup
  ---
  duration_ms: 4.941666
  type: 'test'
  ...
# Subtest: V3-07 ownership ledger fails closed on foreign port, missing fingerprint, and run mismatch
ok 9 - V3-07 ownership ledger fails closed on foreign port, missing fingerprint, and run mismatch
  ---
  duration_ms: 0.372416
  type: 'test'
  ...
# Subtest: V3-07 retained manifest is closed over exact-head RED, 7/7, redaction, and rollback
ok 10 - V3-07 retained manifest is closed over exact-head RED, 7/7, redaction, and rollback
  ---
  duration_ms: 0.803208
  type: 'test'
  ...
# Subtest: V3-07 runner contains bounded commands and never imports comparison, native, timer, or cloud paths
ok 11 - V3-07 runner contains bounded commands and never imports comparison, native, timer, or cloud paths
  ---
  duration_ms: 0.538875
  type: 'test'
  ...
# Subtest: V3-07 fast bounded command exits promptly without referenced harness timers
ok 12 - V3-07 fast bounded command exits promptly without referenced harness timers
  ---
  duration_ms: 70.562875
  type: 'test'
  ...
# Subtest: V3-07 bounded command escalates TERM to KILL for its owned group and leaves no descendant
ok 13 - V3-07 bounded command escalates TERM to KILL for its owned group and leaves no descendant
  ---
  duration_ms: 506.379625
  type: 'test'
  ...
# Subtest: V3-07 host READY timeout rejects boundedly and cleans its owned process group
ok 14 - V3-07 host READY timeout rejects boundedly and cleans its owned process group
  ---
  duration_ms: 618.0195
  type: 'test'
  ...
# Subtest: V3-07 authority requires exact fresh-live head for feature branch and detached modes
ok 15 - V3-07 authority requires exact fresh-live head for feature branch and detached modes
  ---
  duration_ms: 12293.455583
  type: 'test'
  ...
# Subtest: V3-07 authority lookup timeout is bounded and fails closed deterministically
ok 16 - V3-07 authority lookup timeout is bounded and fails closed deterministically
  ---
  duration_ms: 5943.41
  type: 'test'
  ...
# Subtest: V3-07 authority timeout cleans its transport descendant without signaling current or foreign groups
ok 17 - V3-07 authority timeout cleans its transport descendant without signaling current or foreign groups
  ---
  duration_ms: 900.03925
  type: 'test'
  ...
1..17
# tests 17
# suites 0
# pass 17
# fail 0
# cancelled 0
# skipped 0
# todo 0
# duration_ms 20426.477875
