TAP version 13
# Subtest: V3-07 harness contract closes authority, seven groups, commands, and write paths
ok 1 - V3-07 harness contract closes authority, seven groups, commands, and write paths
  ---
  duration_ms: 1.479875
  type: 'test'
  ...
# Subtest: V3-07 S3 scanner rejects credentials, private paths, PII, injection, and remote imports
ok 2 - V3-07 S3 scanner rejects credentials, private paths, PII, injection, and remote imports
  ---
  duration_ms: 1.321833
  type: 'test'
  ...
# Subtest: V3-07 retained scanner catches local temporary workspace paths without flagging neutral locators
ok 3 - V3-07 retained scanner catches local temporary workspace paths without flagging neutral locators
  ---
  duration_ms: 0.109
  type: 'test'
  ...
# Subtest: V3-07 retained sanitizer normalizes local temporary workspace paths before writing evidence
ok 4 - V3-07 retained sanitizer normalizes local temporary workspace paths before writing evidence
  ---
  duration_ms: 2.571042
  type: 'test'
  ...
# Subtest: V3-07 authorized retained correction replaces exactly 12 paths and binds its attestation
ok 5 - V3-07 authorized retained correction replaces exactly 12 paths and binds its attestation
  ---
  duration_ms: 52.056
  type: 'test'
  ...
# Subtest: V3-07 scanner context keeps authored injection detection while built output excludes only that rule
ok 6 - V3-07 scanner context keeps authored injection detection while built output excludes only that rule
  ---
  duration_ms: 11.21475
  type: 'test'
  ...
# Subtest: V3-07 built-output scan fails closed when the required root is missing
ok 7 - V3-07 built-output scan fails closed when the required root is missing
  ---
  duration_ms: 2.050083
  type: 'test'
  ...
# Subtest: V3-07 built-output scan detects forbidden markers in generated JS, CSS, and source maps
ok 8 - V3-07 built-output scan detects forbidden markers in generated JS, CSS, and source maps
  ---
  duration_ms: 3.741292
  type: 'test'
  ...
# Subtest: V3-07 clean complete built-output scan emits normalized path and SHA-256 inventory
ok 9 - V3-07 clean complete built-output scan emits normalized path and SHA-256 inventory
  ---
  duration_ms: 4.740667
  type: 'test'
  ...
# Subtest: V3-07 built-output scan rejects symlinks, hardlinks, special files, and their escape targets
ok 10 - V3-07 built-output scan rejects symlinks, hardlinks, special files, and their escape targets
  ---
  duration_ms: 5.495084
  type: 'test'
  ...
# Subtest: V3-07 structural built-output scan failure records evidence before run-owned cleanup
ok 11 - V3-07 structural built-output scan failure records evidence before run-owned cleanup
  ---
  duration_ms: 5.449375
  type: 'test'
  ...
# Subtest: V3-07 ownership ledger fails closed on foreign port, missing fingerprint, and run mismatch
ok 12 - V3-07 ownership ledger fails closed on foreign port, missing fingerprint, and run mismatch
  ---
  duration_ms: 0.167667
  type: 'test'
  ...
# Subtest: V3-07 retained manifest is closed over exact-head RED, 7/7, redaction, and rollback
ok 13 - V3-07 retained manifest is closed over exact-head RED, 7/7, redaction, and rollback
  ---
  duration_ms: 0.563708
  type: 'test'
  ...
# Subtest: V3-07 runner contains bounded commands and never imports comparison, native, timer, or cloud paths
ok 14 - V3-07 runner contains bounded commands and never imports comparison, native, timer, or cloud paths
  ---
  duration_ms: 0.432375
  type: 'test'
  ...
# Subtest: V3-07 fast bounded command exits promptly without referenced harness timers
ok 15 - V3-07 fast bounded command exits promptly without referenced harness timers
  ---
  duration_ms: 70.939792
  type: 'test'
  ...
# Subtest: V3-07 bounded command escalates TERM to KILL for its owned group and leaves no descendant
ok 16 - V3-07 bounded command escalates TERM to KILL for its owned group and leaves no descendant
  ---
  duration_ms: 502.568875
  type: 'test'
  ...
# Subtest: V3-07 host READY timeout rejects boundedly and cleans its owned process group
ok 17 - V3-07 host READY timeout rejects boundedly and cleans its owned process group
  ---
  duration_ms: 729.35225
  type: 'test'
  ...
# Subtest: V3-07 authority requires exact fresh-live head for feature branch and detached modes
ok 18 - V3-07 authority requires exact fresh-live head for feature branch and detached modes
  ---
  duration_ms: 11777.308208
  type: 'test'
  ...
# Subtest: V3-07 authority lookup timeout is bounded and fails closed deterministically
ok 19 - V3-07 authority lookup timeout is bounded and fails closed deterministically
  ---
  duration_ms: 5765.799458
  type: 'test'
  ...
# Subtest: V3-07 authority timeout cleans its transport descendant without signaling current or foreign groups
ok 20 - V3-07 authority timeout cleans its transport descendant without signaling current or foreign groups
  ---
  duration_ms: 963.199
  type: 'test'
  ...
1..20
# tests 20
# suites 0
# pass 20
# fail 0
# cancelled 0
# skipped 0
# todo 0
# duration_ms 19957.229958
