TAP version 13
# Subtest: V3-07 harness contract closes authority, seven groups, commands, and write paths
ok 1 - V3-07 harness contract closes authority, seven groups, commands, and write paths
  ---
  duration_ms: 0.852167
  type: 'test'
  ...
# Subtest: V3-07 S3 scanner rejects credentials, private paths, PII, injection, and remote imports
ok 2 - V3-07 S3 scanner rejects credentials, private paths, PII, injection, and remote imports
  ---
  duration_ms: 1.566125
  type: 'test'
  ...
# Subtest: V3-07 ownership ledger fails closed on foreign port, missing fingerprint, and run mismatch
ok 3 - V3-07 ownership ledger fails closed on foreign port, missing fingerprint, and run mismatch
  ---
  duration_ms: 0.488333
  type: 'test'
  ...
# Subtest: V3-07 retained manifest is closed over exact-head RED, 7/7, redaction, and rollback
ok 4 - V3-07 retained manifest is closed over exact-head RED, 7/7, redaction, and rollback
  ---
  duration_ms: 0.517041
  type: 'test'
  ...
# Subtest: V3-07 runner contains bounded commands and never imports comparison, native, timer, or cloud paths
ok 5 - V3-07 runner contains bounded commands and never imports comparison, native, timer, or cloud paths
  ---
  duration_ms: 0.407375
  type: 'test'
  ...
# Subtest: V3-07 fast bounded command exits promptly without referenced harness timers
ok 6 - V3-07 fast bounded command exits promptly without referenced harness timers
  ---
  duration_ms: 70.002416
  type: 'test'
  ...
# Subtest: V3-07 bounded command escalates TERM to KILL for its owned group and leaves no descendant
ok 7 - V3-07 bounded command escalates TERM to KILL for its owned group and leaves no descendant
  ---
  duration_ms: 507.8505
  type: 'test'
  ...
# Subtest: V3-07 host READY timeout rejects boundedly and cleans its owned process group
ok 8 - V3-07 host READY timeout rejects boundedly and cleans its owned process group
  ---
  duration_ms: 641.219417
  type: 'test'
  ...
# Subtest: V3-07 authority requires exact fresh-live head for feature branch and detached modes
ok 9 - V3-07 authority requires exact fresh-live head for feature branch and detached modes
  ---
  duration_ms: 11392.682875
  type: 'test'
  ...
# Subtest: V3-07 authority lookup timeout is bounded and fails closed deterministically
ok 10 - V3-07 authority lookup timeout is bounded and fails closed deterministically
  ---
  duration_ms: 4620.87425
  type: 'test'
  ...
# Subtest: V3-07 authority timeout cleans its transport descendant without signaling current or foreign groups
ok 11 - V3-07 authority timeout cleans its transport descendant without signaling current or foreign groups
  ---
  duration_ms: 854.467625
  type: 'test'
  ...
1..11
# tests 11
# suites 0
# pass 11
# fail 0
# cancelled 0
# skipped 0
# todo 0
# duration_ms 18147.598542
