
> i5-02-vite-candidate@0.0.0 test:unit
> node --test tests/foundation.test.mjs tests/promotion-trust-contract.test.mjs

TAP version 13
# Subtest: VITE-FOUNDATION-001 pins static MPA progressive React and exact supply chain
ok 1 - VITE-FOUNDATION-001 pins static MPA progressive React and exact supply chain
  ---
  duration_ms: 0.976125
  type: 'test'
  ...
# Subtest: VITE-FIXTURE-001 build adapter directly reads all four tracked inputs
ok 2 - VITE-FIXTURE-001 build adapter directly reads all four tracked inputs
  ---
  duration_ms: 0.246833
  type: 'test'
  ...
# Subtest: VITE-SEMANTIC-001 emits static ten-act facts before progressive React
ok 3 - VITE-SEMANTIC-001 emits static ten-act facts before progressive React
  ---
  duration_ms: 0.332083
  type: 'test'
  ...
# Subtest: V3-02 fixture SHA-256 identities and independent source grains are exact
ok 4 - V3-02 fixture SHA-256 identities and independent source grains are exact
  ---
  duration_ms: 1.556208
  type: 'test'
  ...
# Subtest: V3-02 lesson contract names the Vietnamese representative entry and four evidence limitations
not ok 5 - V3-02 lesson contract names the Vietnamese representative entry and four evidence limitations
  ---
  duration_ms: 1.242333
  type: 'test'
  location: '<WORKSPACE>/spikes/web/candidates/vite/tests/promotion-trust-contract.test.mjs:40:1'
  failureType: 'testCodeFailure'
  error: |-
    src/lesson-contract.mjs must exist before GREEN

    false !== true

  code: 'ERR_ASSERTION'
  name: 'AssertionError'
  expected: true
  actual: false
  operator: 'strictEqual'
  stack: |-
    lessonContract (file://<WORKSPACE>/spikes/web/candidates/vite/tests/promotion-trust-contract.test.mjs:24:10)
    TestContext.<anonymous> (file://<WORKSPACE>/spikes/web/candidates/vite/tests/promotion-trust-contract.test.mjs:41:26)
    Test.runInAsyncScope (node:async_hooks:214:14)
    Test.run (node:internal/test_runner/test:1047:25)
    Test.processPendingSubtests (node:internal/test_runner/test:744:18)
    Test.postRun (node:internal/test_runner/test:1173:19)
    Test.run (node:internal/test_runner/test:1101:12)
    async startSubtestAfterBootstrap (node:internal/test_runner/harness:296:3)
  ...
# Subtest: V3-02 controlled failure, conclusion, reset baseline, and reflection are exact and non-attributing
not ok 6 - V3-02 controlled failure, conclusion, reset baseline, and reflection are exact and non-attributing
  ---
  duration_ms: 0.20075
  type: 'test'
  location: '<WORKSPACE>/spikes/web/candidates/vite/tests/promotion-trust-contract.test.mjs:48:1'
  failureType: 'testCodeFailure'
  error: |-
    src/lesson-contract.mjs must exist before GREEN

    false !== true

  code: 'ERR_ASSERTION'
  name: 'AssertionError'
  expected: true
  actual: false
  operator: 'strictEqual'
  stack: |-
    lessonContract (file://<WORKSPACE>/spikes/web/candidates/vite/tests/promotion-trust-contract.test.mjs:24:10)
    TestContext.<anonymous> (file://<WORKSPACE>/spikes/web/candidates/vite/tests/promotion-trust-contract.test.mjs:49:26)
    Test.runInAsyncScope (node:async_hooks:214:14)
    Test.run (node:internal/test_runner/test:1047:25)
    Test.processPendingSubtests (node:internal/test_runner/test:744:18)
    Test.postRun (node:internal/test_runner/test:1173:19)
    Test.run (node:internal/test_runner/test:1101:12)
    async Test.processPendingSubtests (node:internal/test_runner/test:744:7)
  ...
# Subtest: V3-02 authored fallback exposes the complete contract in response bytes before React
not ok 7 - V3-02 authored fallback exposes the complete contract in response bytes before React
  ---
  duration_ms: 0.603708
  type: 'test'
  location: '<WORKSPACE>/spikes/web/candidates/vite/tests/promotion-trust-contract.test.mjs:60:1'
  failureType: 'testCodeFailure'
  error: |-
    src/lesson-contract.mjs must exist before GREEN

    false !== true

  code: 'ERR_ASSERTION'
  name: 'AssertionError'
  expected: true
  actual: false
  operator: 'strictEqual'
  stack: |-
    lessonContract (file://<WORKSPACE>/spikes/web/candidates/vite/tests/promotion-trust-contract.test.mjs:24:10)
    TestContext.<anonymous> (file://<WORKSPACE>/spikes/web/candidates/vite/tests/promotion-trust-contract.test.mjs:62:26)
    Test.runInAsyncScope (node:async_hooks:214:14)
    Test.run (node:internal/test_runner/test:1047:25)
    Test.processPendingSubtests (node:internal/test_runner/test:744:18)
    Test.postRun (node:internal/test_runner/test:1173:19)
    Test.run (node:internal/test_runner/test:1101:12)
    async Test.processPendingSubtests (node:internal/test_runner/test:744:7)
  ...
1..7
# tests 7
# suites 0
# pass 4
# fail 3
# cancelled 0
# skipped 0
# todo 0
# duration_ms 81.415292
