TAP version 13
# Subtest: WEB-E2E-001 staticLogical journey is deterministic, reversible and non-completing; browser decision remains pending
ok 1 - WEB-E2E-001 staticLogical journey is deterministic, reversible and non-completing; browser decision remains pending
  ---
  duration_ms: 5.226709
  type: 'test'
  ...
# Subtest: WEB-STATE-001 staticLogical commits only explicit navigation and restores committed history/reload state
ok 2 - WEB-STATE-001 staticLogical commits only explicit navigation and restores committed history/reload state
  ---
  duration_ms: 3.273833
  type: 'test'
  ...
# Subtest: WEB-STATE-001 alternative-explicit commits act 6 without persisting answer authority
ok 3 - WEB-STATE-001 alternative-explicit commits act 6 without persisting answer authority
  ---
  duration_ms: 0.344958
  type: 'test'
  ...
# Subtest: WEB-NOSCROLL-001 staticLogical ignores scroll, hover, motion, time, visitation and focus for commit/verify
ok 4 - WEB-NOSCROLL-001 staticLogical ignores scroll, hover, motion, time, visitation and focus for commit/verify
  ---
  duration_ms: 0.632416
  type: 'test'
  ...
# Subtest: WEB-STATE-001 untrusted history projection cannot author verifier, evidence, conclusion, mutation or extra fields
ok 5 - WEB-STATE-001 untrusted history projection cannot author verifier, evidence, conclusion, mutation or extra fields
  ---
  duration_ms: 0.240459
  type: 'test'
  ...
# Subtest: WEB-STATE-001 reflection, draft and visitation remain transient and never commit or verify
ok 6 - WEB-STATE-001 reflection, draft and visitation remain transient and never commit or verify
  ---
  duration_ms: 0.237125
  type: 'test'
  ...
# Subtest: WEB-FAIL-001 fixture verification maps unavailable, digest and asset failures without verified state
ok 7 - WEB-FAIL-001 fixture verification maps unavailable, digest and asset failures without verified state
  ---
  duration_ms: 0.491
  type: 'test'
  ...
# Subtest: WEB-A11Y-001 staticLogical uses native keyboard controls and visible focus; browser facet remains pending
ok 8 - WEB-A11Y-001 staticLogical uses native keyboard controls and visible focus; browser facet remains pending
  ---
  duration_ms: 5.152208
  type: 'test'
  ...
# Subtest: WEB-A11Y-002 staticLogical has ordered landmarks, headings, tables and live status; manual AT remains pending
ok 9 - WEB-A11Y-002 staticLogical has ordered landmarks, headings, tables and live status; manual AT remains pending
  ---
  duration_ms: 1.896667
  type: 'test'
  ...
# Subtest: WEB-A11Y-003 staticLogical reflows rail/cards in flow with no 2D narrative scroll; rendered zoom remains pending
ok 10 - WEB-A11Y-003 staticLogical reflows rail/cards in flow with no 2D narrative scroll; rendered zoom remains pending
  ---
  duration_ms: 0.925625
  type: 'test'
  ...
# Subtest: WEB-A11Y-004 staticLogical removes nonessential motion without content loss; rendered motion remains pending
ok 11 - WEB-A11Y-004 staticLogical removes nonessential motion without content loss; rendered motion remains pending
  ---
  duration_ms: 0.696833
  type: 'test'
  ...
# Subtest: WEB-STATIC-001 staticLogical keeps all ten acts, facts, limitations and linear navigation in HTML before JS
ok 12 - WEB-STATIC-001 staticLogical keeps all ten acts, facts, limitations and linear navigation in HTML before JS
  ---
  duration_ms: 1.017833
  type: 'test'
  ...
# Subtest: WEB-TRUST-001 staticLogical renders every concrete fixture fact in its independent semantic card
ok 13 - WEB-TRUST-001 staticLogical renders every concrete fixture fact in its independent semantic card
  ---
  duration_ms: 1.500958
  type: 'test'
  ...
1..13
# tests 13
# suites 0
# pass 13
# fail 0
# cancelled 0
# skipped 0
# todo 0
# duration_ms 64.154333
