TAP version 13
# Subtest: G0-AUTH-001 rejects a missing or wrong implementation input SHA
ok 1 - G0-AUTH-001 rejects a missing or wrong implementation input SHA
  ---
  duration_ms: 5.681792
  type: 'test'
  ...
# Subtest: G0-REMOTE-001 rejects unfetched, unknown, or divergent tracking/live state
ok 2 - G0-REMOTE-001 rejects unfetched, unknown, or divergent tracking/live state
  ---
  duration_ms: 0.343083
  type: 'test'
  ...
# Subtest: G0-ANCESTRY-001 rejects a missing immutable ancestor
ok 3 - G0-ANCESTRY-001 rejects a missing immutable ancestor
  ---
  duration_ms: 0.689459
  type: 'test'
  ...
# Subtest: G0-PROTECTED-001 rejects protected hash, absence, or discovery-tree drift
ok 4 - G0-PROTECTED-001 rejects protected hash, absence, or discovery-tree drift
  ---
  duration_ms: 0.162875
  type: 'test'
  ...
# Subtest: G0-PATH-001 rejects a changed path outside the exact allow-list
ok 5 - G0-PATH-001 rejects a changed path outside the exact allow-list
  ---
  duration_ms: 0.223042
  type: 'test'
  ...
# Subtest: G0-TOOLCHAIN-001 rejects version drift and non-exact frozen policy
ok 6 - G0-TOOLCHAIN-001 rejects version drift and non-exact frozen policy
  ---
  duration_ms: 0.136292
  type: 'test'
  ...
# Subtest: G0-REGISTRY-001 rejects malformed authority/mode/WEB-ID registries
ok 7 - G0-REGISTRY-001 rejects malformed authority/mode/WEB-ID registries
  ---
  duration_ms: 0.229667
  type: 'test'
  ...
# Subtest: G0-ANCHOR-001 rejects incomplete or post-observation score anchors
ok 8 - G0-ANCHOR-001 rejects incomplete or post-observation score anchors
  ---
  duration_ms: 0.182667
  type: 'test'
  ...
# Subtest: G0-STAGE-001 rejects false stage or full-issue readiness
ok 9 - G0-STAGE-001 rejects false stage or full-issue readiness
  ---
  duration_ms: 0.588084
  type: 'test'
  ...
# Subtest: G0-DEFERRED-001 rejects candidate/later paths or Make targets
ok 10 - G0-DEFERRED-001 rejects candidate/later paths or Make targets
  ---
  duration_ms: 0.536916
  type: 'test'
  ...
1..10
# tests 10
# suites 0
# pass 10
# fail 0
# cancelled 0
# skipped 0
# todo 0
# duration_ms 64.3525
TAP version 13
# Subtest: GA-LIFE-001 invalid port/no scan — lifecycle rejects invalid ports without scanning or selecting a replacement
ok 1 - GA-LIFE-001 invalid port/no scan — lifecycle rejects invalid ports without scanning or selecting a replacement
  ---
  duration_ms: 17.235792
  type: 'test'
  ...
# Subtest: GA-LIFE-002 occupied test-owned port/no signal — lifecycle failure never signals or replaces the listener
ok 2 - GA-LIFE-002 occupied test-owned port/no signal — lifecycle failure never signals or replaces the listener
  ---
  duration_ms: 66.097375
  type: 'test'
  ...
# Subtest: GA-LIFE-003 fixed 10-second timeout/scoped attempted-group cleanup
ok 3 - GA-LIFE-003 fixed 10-second timeout/scoped attempted-group cleanup
  ---
  duration_ms: 0.451416
  type: 'test'
  ...
# Subtest: GA-LIFE-004 surviving attempted process is reported
ok 4 - GA-LIFE-004 surviving attempted process is reported
  ---
  duration_ms: 0.164708
  type: 'test'
  ...
# Subtest: GA-LIFE-005 stale/reused PID and locator-field mismatch/no signal
ok 5 - GA-LIFE-005 stale/reused PID and locator-field mismatch/no signal
  ---
  duration_ms: 0.309667
  type: 'test'
  ...
# Subtest: GA-LIFE-006 exact route/path/symlink/traversal/query/method rejection
ok 6 - GA-LIFE-006 exact route/path/symlink/traversal/query/method rejection
  ---
  duration_ms: 0.348875
  type: 'test'
  ...
# Subtest: GA-LIFE-007 wrong lesson or fixture digest rejected
ok 7 - GA-LIFE-007 wrong lesson or fixture digest rejected
  ---
  duration_ms: 0.137167
  type: 'test'
  ...
# Subtest: GA-LIFE-008 only new audited input and canonical fixture digest accepted
ok 8 - GA-LIFE-008 only new audited input and canonical fixture digest accepted
  ---
  duration_ms: 99.47425
  type: 'test'
  ...
# Subtest: GA-LIFE-009 double reset/baseline/audit counter/history contract
ok 9 - GA-LIFE-009 double reset/baseline/audit counter/history contract
  ---
  duration_ms: 3.964083
  type: 'test'
  ...
# Subtest: GA-LIFE-010 down without locator is idempotent/no signal
ok 10 - GA-LIFE-010 down without locator is idempotent/no signal
  ---
  duration_ms: 0.409208
  type: 'test'
  ...
# Subtest: GA-LIFE-011 foreign listener or locator mismatch/no signal
ok 11 - GA-LIFE-011 foreign listener or locator mismatch/no signal
  ---
  duration_ms: 0.1285
  type: 'test'
  ...
# Subtest: GA-LIFE-012 observed authority binds fixed host/requested port
ok 12 - GA-LIFE-012 observed authority binds fixed host/requested port
  ---
  duration_ms: 0.158542
  type: 'test'
  ...
# Subtest: GA-LIFE-013 surviving verified owned process is reported
ok 13 - GA-LIFE-013 surviving verified owned process is reported
  ---
  duration_ms: 1.045833
  type: 'test'
  ...
# Subtest: GA-LIFE-014 readiness binds lesson/digest/run/input
ok 14 - GA-LIFE-014 readiness binds lesson/digest/run/input
  ---
  duration_ms: 1.3785
  type: 'test'
  ...
# Subtest: GA-LIFE-015 canonical fixture bytes/digest validation
ok 15 - GA-LIFE-015 canonical fixture bytes/digest validation
  ---
  duration_ms: 0.799791
  type: 'test'
  ...
# Subtest: GA-LIFE-016 redirect rejection and fixed host authority
ok 16 - GA-LIFE-016 redirect rejection and fixed host authority
  ---
  duration_ms: 0.616875
  type: 'test'
  ...
# Subtest: GA-LIFE-017 real asset rejects symlink/outside/non-regular before read
ok 17 - GA-LIFE-017 real asset rejects symlink/outside/non-regular before read
  ---
  duration_ms: 0.935041
  type: 'test'
  ...
1..17
# tests 17
# suites 0
# pass 17
# fail 0
# cancelled 0
# skipped 0
# todo 0
# duration_ms 245.475083
TAP version 13
# Subtest: WEB-API-001 staticLogical exposes only same-origin static reads and strict CSP; runtime network facet remains pending
ok 1 - WEB-API-001 staticLogical exposes only same-origin static reads and strict CSP; runtime network facet remains pending
  ---
  duration_ms: 13.981625
  type: 'test'
  ...
# Subtest: WEB-CONTRACT-001 staticLogical rejects incomplete, unknown, executable, stale, secret and authority-bearing data
ok 2 - WEB-CONTRACT-001 staticLogical rejects incomplete, unknown, executable, stale, secret and authority-bearing data
  ---
  duration_ms: 11.052333
  type: 'test'
  ...
# Subtest: WEB-CONTRACT-001 state-view validation shares the canonical browser state vocabulary
ok 3 - WEB-CONTRACT-001 state-view validation shares the canonical browser state vocabulary
  ---
  duration_ms: 0.542875
  type: 'test'
  ...
# Subtest: WEB-FAIL-001 staticLogical gives controlled, environmental and unexpected failures distinct behavior
ok 4 - WEB-FAIL-001 staticLogical gives controlled, environmental and unexpected failures distinct behavior
  ---
  duration_ms: 4.027541
  type: 'test'
  ...
# Subtest: WEB-CONTRACT-002 staticLogical exposes exactly four independent grain-honest cards
ok 5 - WEB-CONTRACT-002 staticLogical exposes exactly four independent grain-honest cards
  ---
  duration_ms: 6.809333
  type: 'test'
  ...
# Subtest: WEB-CONTRACT-003 staticLogical forbids cross-grain relationships, joins, composites and visual edges
ok 6 - WEB-CONTRACT-003 staticLogical forbids cross-grain relationships, joins, composites and visual edges
  ---
  duration_ms: 1.440125
  type: 'test'
  ...
# Subtest: WEB-TRUST-001 staticLogical rejects the naive headline with exactly insufficient evidence
ok 7 - WEB-TRUST-001 staticLogical rejects the naive headline with exactly insufficient evidence
  ---
  duration_ms: 1.77525
  type: 'test'
  ...
# Subtest: WEB-TRUST-002 staticLogical assigns no fulfillment, return or DQ fact to a promotion
ok 8 - WEB-TRUST-002 staticLogical assigns no fulfillment, return or DQ fact to a promotion
  ---
  duration_ms: 2.276833
  type: 'test'
  ...
# Subtest: WEB-E2E-001 staticLogical journey is deterministic, reversible and non-completing; browser decision remains pending
ok 9 - WEB-E2E-001 staticLogical journey is deterministic, reversible and non-completing; browser decision remains pending
  ---
  duration_ms: 6.869792
  type: 'test'
  ...
# Subtest: WEB-NONCOPY-001 staticLogical records principle-only inspiration and project-owned expression; reviewer remains pending
ok 10 - WEB-NONCOPY-001 staticLogical records principle-only inspiration and project-owned expression; reviewer remains pending
  ---
  duration_ms: 6.205417
  type: 'test'
  ...
# Subtest: WEB-PREVIEW-002 staticLogical contains no completion, runner, cloud, mutation or remote-content authority
ok 11 - WEB-PREVIEW-002 staticLogical contains no completion, runner, cloud, mutation or remote-content authority
  ---
  duration_ms: 9.223584
  type: 'test'
  ...
# Subtest: WEB-STATE-001 browser owns the one reducer implementation and common state re-exports it
ok 12 - WEB-STATE-001 browser owns the one reducer implementation and common state re-exports it
  ---
  duration_ms: 2.145
  type: 'test'
  ...
# Subtest: WEB-API-001 every browser module dependency is one of the exact served routes
ok 13 - WEB-API-001 every browser module dependency is one of the exact served routes
  ---
  duration_ms: 0.934042
  type: 'test'
  ...
# Subtest: WEB-A11Y-001 explicit previous/next commits and leaves native anchor navigation operable
ok 14 - WEB-A11Y-001 explicit previous/next commits and leaves native anchor navigation operable
  ---
  duration_ms: 0.624625
  type: 'test'
  ...
# Subtest: WEB-PREVIEW-001 staticLogical keeps the exact permanent notice on all authority surfaces
ok 15 - WEB-PREVIEW-001 staticLogical keeps the exact permanent notice on all authority surfaces
  ---
  duration_ms: 3.871583
  type: 'test'
  ...
# Subtest: WEB-STATE-001 staticLogical commits only explicit navigation and restores committed history/reload state
ok 16 - WEB-STATE-001 staticLogical commits only explicit navigation and restores committed history/reload state
  ---
  duration_ms: 2.456666
  type: 'test'
  ...
# Subtest: WEB-NOSCROLL-001 staticLogical ignores scroll, hover, motion, time, visitation and focus for commit/verify
ok 17 - WEB-NOSCROLL-001 staticLogical ignores scroll, hover, motion, time, visitation and focus for commit/verify
  ---
  duration_ms: 0.552625
  type: 'test'
  ...
# Subtest: WEB-STATE-001 untrusted history projection cannot author verifier, evidence, conclusion, mutation or extra fields
ok 18 - WEB-STATE-001 untrusted history projection cannot author verifier, evidence, conclusion, mutation or extra fields
  ---
  duration_ms: 0.1845
  type: 'test'
  ...
# Subtest: WEB-STATE-001 reflection, draft and visitation remain transient and never commit or verify
ok 19 - WEB-STATE-001 reflection, draft and visitation remain transient and never commit or verify
  ---
  duration_ms: 0.219
  type: 'test'
  ...
# Subtest: WEB-FAIL-001 fixture verification maps unavailable, digest and asset failures without verified state
ok 20 - WEB-FAIL-001 fixture verification maps unavailable, digest and asset failures without verified state
  ---
  duration_ms: 0.4415
  type: 'test'
  ...
# Subtest: WEB-STATE-002 staticLogical reset is deterministic, idempotent and separately audit-counted
ok 21 - WEB-STATE-002 staticLogical reset is deterministic, idempotent and separately audit-counted
  ---
  duration_ms: 2.173583
  type: 'test'
  ...
# Subtest: WEB-A11Y-001 staticLogical uses native keyboard controls and visible focus; browser facet remains pending
ok 22 - WEB-A11Y-001 staticLogical uses native keyboard controls and visible focus; browser facet remains pending
  ---
  duration_ms: 4.408417
  type: 'test'
  ...
# Subtest: WEB-A11Y-002 staticLogical has ordered landmarks, headings, tables and live status; manual AT remains pending
ok 23 - WEB-A11Y-002 staticLogical has ordered landmarks, headings, tables and live status; manual AT remains pending
  ---
  duration_ms: 2.24775
  type: 'test'
  ...
# Subtest: WEB-A11Y-003 staticLogical reflows rail/cards in flow with no 2D narrative scroll; rendered zoom remains pending
ok 24 - WEB-A11Y-003 staticLogical reflows rail/cards in flow with no 2D narrative scroll; rendered zoom remains pending
  ---
  duration_ms: 1.147125
  type: 'test'
  ...
# Subtest: WEB-A11Y-004 staticLogical removes nonessential motion without content loss; rendered motion remains pending
ok 25 - WEB-A11Y-004 staticLogical removes nonessential motion without content loss; rendered motion remains pending
  ---
  duration_ms: 0.999417
  type: 'test'
  ...
# Subtest: WEB-STATIC-001 staticLogical keeps all ten acts, facts, limitations and linear navigation in HTML before JS
ok 26 - WEB-STATIC-001 staticLogical keeps all ten acts, facts, limitations and linear navigation in HTML before JS
  ---
  duration_ms: 1.305709
  type: 'test'
  ...
# Subtest: WEB-TRUST-001 staticLogical renders every concrete fixture fact in its independent semantic card
ok 27 - WEB-TRUST-001 staticLogical renders every concrete fixture fact in its independent semantic card
  ---
  duration_ms: 1.806125
  type: 'test'
  ...
1..27
# tests 27
# suites 0
# pass 27
# fail 0
# cancelled 0
# skipped 0
# todo 0
# duration_ms 139.041
