TAP version 13
# Subtest: V3-07 harness contract closes authority, seven groups, commands, and write paths
ok 1 - V3-07 harness contract closes authority, seven groups, commands, and write paths
  ---
  duration_ms: 0.833958
  type: 'test'
  ...
# Subtest: V3-07 S3 scanner rejects credentials, private paths, PII, injection, and remote imports
ok 2 - V3-07 S3 scanner rejects credentials, private paths, PII, injection, and remote imports
  ---
  duration_ms: 1.021125
  type: 'test'
  ...
# Subtest: V3-07 ownership ledger fails closed on foreign port, missing fingerprint, and run mismatch
ok 3 - V3-07 ownership ledger fails closed on foreign port, missing fingerprint, and run mismatch
  ---
  duration_ms: 0.926917
  type: 'test'
  ...
# Subtest: V3-07 retained manifest is closed over exact-head RED, 7/7, redaction, and rollback
ok 4 - V3-07 retained manifest is closed over exact-head RED, 7/7, redaction, and rollback
  ---
  duration_ms: 0.555625
  type: 'test'
  ...
# Subtest: V3-07 runner contains bounded commands and never imports comparison, native, timer, or cloud paths
ok 5 - V3-07 runner contains bounded commands and never imports comparison, native, timer, or cloud paths
  ---
  duration_ms: 0.503917
  type: 'test'
  ...
# Subtest: V3-07 bounded command escalates TERM to KILL for its owned group and leaves no descendant
ok 6 - V3-07 bounded command escalates TERM to KILL for its owned group and leaves no descendant
  ---
  duration_ms: 534.488208
  type: 'test'
  ...
# Subtest: V3-07 host READY timeout rejects boundedly and cleans its owned process group
ok 7 - V3-07 host READY timeout rejects boundedly and cleans its owned process group
  ---
  duration_ms: 657.967
  type: 'test'
  ...
# Subtest: V3-07 authority accepts detached exact-live head and rejects detached mismatch or another branch
ok 8 - V3-07 authority accepts detached exact-live head and rejects detached mismatch or another branch
  ---
  duration_ms: 6162.184958
  type: 'test'
  ...
1..8
# tests 8
# suites 0
# pass 8
# fail 0
# cancelled 0
# skipped 0
# todo 0
# duration_ms 7412.924208
