
> i5-02-vite-candidate@0.0.0 test:unit
> node --test tests/foundation.test.mjs tests/promotion-trust-contract.test.mjs

TAP version 13
# Subtest: VITE-FOUNDATION-001 pins static MPA progressive React and exact supply chain
ok 1 - VITE-FOUNDATION-001 pins static MPA progressive React and exact supply chain
  ---
  duration_ms: 0.90525
  type: 'test'
  ...
# Subtest: VITE-FIXTURE-001 build adapter directly reads all four tracked inputs
ok 2 - VITE-FIXTURE-001 build adapter directly reads all four tracked inputs
  ---
  duration_ms: 0.226666
  type: 'test'
  ...
# Subtest: VITE-SEMANTIC-001 emits static ten-act facts before progressive React
ok 3 - VITE-SEMANTIC-001 emits static ten-act facts before progressive React
  ---
  duration_ms: 0.881209
  type: 'test'
  ...
# Subtest: V3-02 fixture SHA-256 identities and independent source grains are exact
ok 4 - V3-02 fixture SHA-256 identities and independent source grains are exact
  ---
  duration_ms: 1.7935
  type: 'test'
  ...
# Subtest: V3-02 lesson contract names the Vietnamese representative entry and four evidence limitations
ok 5 - V3-02 lesson contract names the Vietnamese representative entry and four evidence limitations
  ---
  duration_ms: 0.772416
  type: 'test'
  ...
# Subtest: V3-02 controlled failure, conclusion, reset baseline, and reflection are exact and non-attributing
ok 6 - V3-02 controlled failure, conclusion, reset baseline, and reflection are exact and non-attributing
  ---
  duration_ms: 0.22525
  type: 'test'
  ...
# Subtest: V3-02 authored fallback exposes the complete contract in response bytes before React
ok 7 - V3-02 authored fallback exposes the complete contract in response bytes before React
  ---
  duration_ms: 0.492125
  type: 'test'
  ...
# Subtest: V3-05 progressive controls use valid named group semantics
ok 8 - V3-05 progressive controls use valid named group semantics
  ---
  duration_ms: 0.211375
  type: 'test'
  ...
1..8
# tests 8
# suites 0
# pass 8
# fail 0
# cancelled 0
# skipped 0
# todo 0
# duration_ms 56.751042
