TAP version 13
# Subtest: G0-AUTH-001 rejects a missing or wrong implementation input SHA
not ok 1 - G0-AUTH-001 rejects a missing or wrong implementation input SHA
  ---
  duration_ms: 1.998458
  type: 'test'
  location: '<worktree>/spikes/web/harness/tests/authority.test.mjs:164:1'
  failureType: 'testCodeFailure'
  error: 'G0-AUTH-001: intentional RED — authority checker/registries are absent'
  code: 'ERR_ASSERTION'
  name: 'AssertionError'
  operator: 'fail'
  stack: |-
    loadChecker (file://<worktree>/spikes/web/harness/tests/authority.test.mjs:139:14)
    async assertSingleFailure (file://<worktree>/spikes/web/harness/tests/authority.test.mjs:146:41)
    async TestContext.<anonymous> (file://<worktree>/spikes/web/harness/tests/authority.test.mjs:165:3)
    async Test.run (node:internal/test_runner/test:1054:7)
    async startSubtestAfterBootstrap (node:internal/test_runner/harness:296:3)
  ...
# Subtest: G0-REMOTE-001 rejects unfetched, unknown, or divergent tracking/live state
not ok 2 - G0-REMOTE-001 rejects unfetched, unknown, or divergent tracking/live state
  ---
  duration_ms: 0.290834
  type: 'test'
  location: '<worktree>/spikes/web/harness/tests/authority.test.mjs:170:1'
  failureType: 'testCodeFailure'
  error: 'G0-REMOTE-001: intentional RED — authority checker/registries are absent'
  code: 'ERR_ASSERTION'
  name: 'AssertionError'
  operator: 'fail'
  stack: |-
    loadChecker (file://<worktree>/spikes/web/harness/tests/authority.test.mjs:139:14)
    async assertSingleFailure (file://<worktree>/spikes/web/harness/tests/authority.test.mjs:146:41)
    async TestContext.<anonymous> (file://<worktree>/spikes/web/harness/tests/authority.test.mjs:171:3)
    async Test.run (node:internal/test_runner/test:1054:7)
    async Test.processPendingSubtests (node:internal/test_runner/test:744:7)
  ...
# Subtest: G0-ANCESTRY-001 rejects a missing immutable ancestor
not ok 3 - G0-ANCESTRY-001 rejects a missing immutable ancestor
  ---
  duration_ms: 0.177958
  type: 'test'
  location: '<worktree>/spikes/web/harness/tests/authority.test.mjs:176:1'
  failureType: 'testCodeFailure'
  error: 'G0-ANCESTRY-001: intentional RED — authority checker/registries are absent'
  code: 'ERR_ASSERTION'
  name: 'AssertionError'
  operator: 'fail'
  stack: |-
    loadChecker (file://<worktree>/spikes/web/harness/tests/authority.test.mjs:139:14)
    async assertSingleFailure (file://<worktree>/spikes/web/harness/tests/authority.test.mjs:146:41)
    async TestContext.<anonymous> (file://<worktree>/spikes/web/harness/tests/authority.test.mjs:177:3)
    async Test.run (node:internal/test_runner/test:1054:7)
    async Test.processPendingSubtests (node:internal/test_runner/test:744:7)
  ...
# Subtest: G0-PROTECTED-001 rejects protected hash, absence, or discovery-tree drift
not ok 4 - G0-PROTECTED-001 rejects protected hash, absence, or discovery-tree drift
  ---
  duration_ms: 0.165875
  type: 'test'
  location: '<worktree>/spikes/web/harness/tests/authority.test.mjs:182:1'
  failureType: 'testCodeFailure'
  error: 'G0-PROTECTED-001: intentional RED — authority checker/registries are absent'
  code: 'ERR_ASSERTION'
  name: 'AssertionError'
  operator: 'fail'
  stack: |-
    loadChecker (file://<worktree>/spikes/web/harness/tests/authority.test.mjs:139:14)
    async assertSingleFailure (file://<worktree>/spikes/web/harness/tests/authority.test.mjs:146:41)
    async TestContext.<anonymous> (file://<worktree>/spikes/web/harness/tests/authority.test.mjs:183:3)
    async Test.run (node:internal/test_runner/test:1054:7)
    async Test.processPendingSubtests (node:internal/test_runner/test:744:7)
  ...
# Subtest: G0-PATH-001 rejects a changed path outside the exact allow-list
not ok 5 - G0-PATH-001 rejects a changed path outside the exact allow-list
  ---
  duration_ms: 0.270875
  type: 'test'
  location: '<worktree>/spikes/web/harness/tests/authority.test.mjs:188:1'
  failureType: 'testCodeFailure'
  error: 'G0-PATH-001: intentional RED — authority checker/registries are absent'
  code: 'ERR_ASSERTION'
  name: 'AssertionError'
  operator: 'fail'
  stack: |-
    loadChecker (file://<worktree>/spikes/web/harness/tests/authority.test.mjs:139:14)
    async assertSingleFailure (file://<worktree>/spikes/web/harness/tests/authority.test.mjs:146:41)
    async TestContext.<anonymous> (file://<worktree>/spikes/web/harness/tests/authority.test.mjs:189:3)
    async Test.run (node:internal/test_runner/test:1054:7)
    async Test.processPendingSubtests (node:internal/test_runner/test:744:7)
  ...
# Subtest: G0-TOOLCHAIN-001 rejects version drift and non-exact frozen policy
not ok 6 - G0-TOOLCHAIN-001 rejects version drift and non-exact frozen policy
  ---
  duration_ms: 0.165125
  type: 'test'
  location: '<worktree>/spikes/web/harness/tests/authority.test.mjs:194:1'
  failureType: 'testCodeFailure'
  error: 'G0-TOOLCHAIN-001: intentional RED — authority checker/registries are absent'
  code: 'ERR_ASSERTION'
  name: 'AssertionError'
  operator: 'fail'
  stack: |-
    loadChecker (file://<worktree>/spikes/web/harness/tests/authority.test.mjs:139:14)
    async assertSingleFailure (file://<worktree>/spikes/web/harness/tests/authority.test.mjs:146:41)
    async TestContext.<anonymous> (file://<worktree>/spikes/web/harness/tests/authority.test.mjs:195:3)
    async Test.run (node:internal/test_runner/test:1054:7)
    async Test.processPendingSubtests (node:internal/test_runner/test:744:7)
  ...
# Subtest: G0-REGISTRY-001 rejects malformed authority/mode/WEB-ID registries
not ok 7 - G0-REGISTRY-001 rejects malformed authority/mode/WEB-ID registries
  ---
  duration_ms: 0.141917
  type: 'test'
  location: '<worktree>/spikes/web/harness/tests/authority.test.mjs:200:1'
  failureType: 'testCodeFailure'
  error: 'G0-REGISTRY-001: intentional RED — authority checker/registries are absent'
  code: 'ERR_ASSERTION'
  name: 'AssertionError'
  operator: 'fail'
  stack: |-
    loadChecker (file://<worktree>/spikes/web/harness/tests/authority.test.mjs:139:14)
    async assertSingleFailure (file://<worktree>/spikes/web/harness/tests/authority.test.mjs:146:41)
    async TestContext.<anonymous> (file://<worktree>/spikes/web/harness/tests/authority.test.mjs:201:3)
    async Test.run (node:internal/test_runner/test:1054:7)
    async Test.processPendingSubtests (node:internal/test_runner/test:744:7)
  ...
# Subtest: G0-ANCHOR-001 rejects incomplete or post-observation score anchors
not ok 8 - G0-ANCHOR-001 rejects incomplete or post-observation score anchors
  ---
  duration_ms: 0.352083
  type: 'test'
  location: '<worktree>/spikes/web/harness/tests/authority.test.mjs:206:1'
  failureType: 'testCodeFailure'
  error: 'G0-ANCHOR-001: intentional RED — authority checker/registries are absent'
  code: 'ERR_ASSERTION'
  name: 'AssertionError'
  operator: 'fail'
  stack: |-
    loadChecker (file://<worktree>/spikes/web/harness/tests/authority.test.mjs:139:14)
    async assertSingleFailure (file://<worktree>/spikes/web/harness/tests/authority.test.mjs:146:41)
    async TestContext.<anonymous> (file://<worktree>/spikes/web/harness/tests/authority.test.mjs:207:3)
    async Test.run (node:internal/test_runner/test:1054:7)
    async Test.processPendingSubtests (node:internal/test_runner/test:744:7)
  ...
# Subtest: G0-STAGE-001 rejects false stage or full-issue readiness
not ok 9 - G0-STAGE-001 rejects false stage or full-issue readiness
  ---
  duration_ms: 1.06275
  type: 'test'
  location: '<worktree>/spikes/web/harness/tests/authority.test.mjs:212:1'
  failureType: 'testCodeFailure'
  error: 'G0-STAGE-001: intentional RED — authority checker/registries are absent'
  code: 'ERR_ASSERTION'
  name: 'AssertionError'
  operator: 'fail'
  stack: |-
    loadChecker (file://<worktree>/spikes/web/harness/tests/authority.test.mjs:139:14)
    async assertSingleFailure (file://<worktree>/spikes/web/harness/tests/authority.test.mjs:146:41)
    async TestContext.<anonymous> (file://<worktree>/spikes/web/harness/tests/authority.test.mjs:213:3)
    async Test.run (node:internal/test_runner/test:1054:7)
    async Test.processPendingSubtests (node:internal/test_runner/test:744:7)
  ...
# Subtest: G0-DEFERRED-001 rejects candidate/later paths or Make targets
not ok 10 - G0-DEFERRED-001 rejects candidate/later paths or Make targets
  ---
  duration_ms: 0.662834
  type: 'test'
  location: '<worktree>/spikes/web/harness/tests/authority.test.mjs:218:1'
  failureType: 'testCodeFailure'
  error: 'G0-DEFERRED-001: intentional RED — authority checker/registries are absent'
  code: 'ERR_ASSERTION'
  name: 'AssertionError'
  operator: 'fail'
  stack: |-
    loadChecker (file://<worktree>/spikes/web/harness/tests/authority.test.mjs:139:14)
    async assertSingleFailure (file://<worktree>/spikes/web/harness/tests/authority.test.mjs:146:41)
    async TestContext.<anonymous> (file://<worktree>/spikes/web/harness/tests/authority.test.mjs:219:3)
    async Test.run (node:internal/test_runner/test:1054:7)
    async Test.processPendingSubtests (node:internal/test_runner/test:744:7)
  ...
1..10
# tests 10
# suites 0
# pass 0
# fail 10
# cancelled 0
# skipped 0
# todo 0
# duration_ms 61.310916
