TAP version 13
# Subtest: GA-LIFE-001 invalid port/no scan — lifecycle rejects invalid ports without scanning or selecting a replacement
not ok 1 - GA-LIFE-001 invalid port/no scan — lifecycle rejects invalid ports without scanning or selecting a replacement
  ---
  duration_ms: 1.01725
  type: 'test'
  location: '<worktree>/spikes/web/harness/tests/preview-control.test.mjs:68:1'
  failureType: 'testCodeFailure'
  error: "Cannot find module '<worktree>/spikes/web/harness/scripts/preview-control.mjs' imported from <worktree>/spikes/web/harness/tests/preview-control.test.mjs"
  code: 'ERR_MODULE_NOT_FOUND'
  stack: |-
    finalizeResolution (node:internal/modules/esm/resolve:275:11)
    moduleResolve (node:internal/modules/esm/resolve:861:10)
    defaultResolve (node:internal/modules/esm/resolve:985:11)
    #cachedDefaultResolve (node:internal/modules/esm/loader:747:20)
    ModuleLoader.resolve (node:internal/modules/esm/loader:724:38)
    ModuleLoader.getModuleJobForImport (node:internal/modules/esm/loader:320:38)
    onImport.tracePromise.__proto__ (node:internal/modules/esm/loader:680:36)
    TracingChannel.tracePromise (node:diagnostics_channel:350:14)
    ModuleLoader.import (node:internal/modules/esm/loader:679:21)
    defaultImportModuleDynamicallyForModule (node:internal/modules/esm/utils:222:31)
  ...
# Subtest: GA-LIFE-002 occupied test-owned port/no signal — lifecycle failure never signals or replaces the listener
not ok 2 - GA-LIFE-002 occupied test-owned port/no signal — lifecycle failure never signals or replaces the listener
  ---
  duration_ms: 37.50325
  type: 'test'
  location: '<worktree>/spikes/web/harness/tests/preview-control.test.mjs:75:1'
  failureType: 'testCodeFailure'
  error: |-
    The input did not match the regular expression /PORT_OCCUPIED/. Input:

    '\n' +
      'node:internal/modules/cjs/loader:1433\n' +
      '  throw err;\n' +
      '  ^\n' +
      '\n' +
      "Error: Cannot find module '<worktree>/spikes/web/harness/scripts/preview-control.mjs'\n" +
      '    at Function._resolveFilename (node:internal/modules/cjs/loader:1430:15)\n' +
      '    at defaultResolveImpl (node:internal/modules/cjs/loader:1040:19)\n' +
      '    at resolveForCJSWithHooks (node:internal/modules/cjs/loader:1045:22)\n' +
      '    at Function._load (node:internal/modules/cjs/loader:1216:25)\n' +
      '    at wrapModuleLoad (node:internal/modules/cjs/loader:254:19)\n' +
      '    at Function.executeUserEntryPoint [as runMain] (node:internal/modules/run_main:171:5)\n' +
      '    at node:internal/main/run_main_module:36:49 {\n' +
      "  code: 'MODULE_NOT_FOUND',\n" +
      '  requireStack: []\n' +
      '}\n' +
      '\n' +
      'Node.js v22.22.3\n'

  code: 'ERR_ASSERTION'
  name: 'AssertionError'
  expected:
  actual: |-

    node:internal/modules/cjs/loader:1433
      throw err;
      ^

    Error: Cannot find module '<worktree>/spikes/web/harness/scripts/preview-control.mjs'
        at Function._resolveFilename (node:internal/modules/cjs/loader:1430:15)
        at defaultResolveImpl (node:internal/modules/cjs/loader:1040:19)
        at resolveForCJSWithHooks (node:internal/modules/cjs/loader:1045:22)
        at Function._load (node:internal/modules/cjs/loader:1216:25)
        at wrapModuleLoad (node:internal/modules/cjs/loader:254:19)
        at Function.executeUserEntryPoint [as runMain] (node:internal/modules/run_main:171:5)
        at node:internal/main/run_main_module:36:49 {
      code: 'MODULE_NOT_FOUND',
      requireStack: []
    }

    Node.js v22.22.3

  operator: 'match'
  stack: |-
    TestContext.<anonymous> (file://<worktree>/spikes/web/harness/tests/preview-control.test.mjs:80:10)
    process.processTicksAndRejections (node:internal/process/task_queues:103:5)
    async Test.run (node:internal/test_runner/test:1054:7)
    async Test.processPendingSubtests (node:internal/test_runner/test:744:7)
  ...
# Subtest: GA-LIFE-003 fixed 10-second timeout/scoped attempted-group cleanup
not ok 3 - GA-LIFE-003 fixed 10-second timeout/scoped attempted-group cleanup
  ---
  duration_ms: 0.90575
  type: 'test'
  location: '<worktree>/spikes/web/harness/tests/preview-control.test.mjs:86:1'
  failureType: 'testCodeFailure'
  error: "Cannot find module '<worktree>/spikes/web/harness/scripts/preview-control.mjs' imported from <worktree>/spikes/web/harness/tests/preview-control.test.mjs"
  code: 'ERR_MODULE_NOT_FOUND'
  stack: |-
    finalizeResolution (node:internal/modules/esm/resolve:275:11)
    moduleResolve (node:internal/modules/esm/resolve:861:10)
    defaultResolve (node:internal/modules/esm/resolve:985:11)
    #cachedDefaultResolve (node:internal/modules/esm/loader:747:20)
    ModuleLoader.resolve (node:internal/modules/esm/loader:724:38)
    ModuleLoader.getModuleJobForImport (node:internal/modules/esm/loader:320:38)
    onImport.tracePromise.__proto__ (node:internal/modules/esm/loader:680:36)
    TracingChannel.tracePromise (node:diagnostics_channel:350:14)
    ModuleLoader.import (node:internal/modules/esm/loader:679:21)
    defaultImportModuleDynamicallyForModule (node:internal/modules/esm/utils:222:31)
  ...
# Subtest: GA-LIFE-004 surviving attempted process is reported
not ok 4 - GA-LIFE-004 surviving attempted process is reported
  ---
  duration_ms: 0.322416
  type: 'test'
  location: '<worktree>/spikes/web/harness/tests/preview-control.test.mjs:102:1'
  failureType: 'testCodeFailure'
  error: "Cannot find module '<worktree>/spikes/web/harness/scripts/preview-control.mjs' imported from <worktree>/spikes/web/harness/tests/preview-control.test.mjs"
  code: 'ERR_MODULE_NOT_FOUND'
  stack: |-
    finalizeResolution (node:internal/modules/esm/resolve:275:11)
    moduleResolve (node:internal/modules/esm/resolve:861:10)
    defaultResolve (node:internal/modules/esm/resolve:985:11)
    #cachedDefaultResolve (node:internal/modules/esm/loader:747:20)
    ModuleLoader.resolve (node:internal/modules/esm/loader:724:38)
    ModuleLoader.getModuleJobForImport (node:internal/modules/esm/loader:320:38)
    onImport.tracePromise.__proto__ (node:internal/modules/esm/loader:680:36)
    TracingChannel.tracePromise (node:diagnostics_channel:350:14)
    ModuleLoader.import (node:internal/modules/esm/loader:679:21)
    defaultImportModuleDynamicallyForModule (node:internal/modules/esm/utils:222:31)
  ...
# Subtest: GA-LIFE-005 stale/reused PID and locator-field mismatch/no signal
not ok 5 - GA-LIFE-005 stale/reused PID and locator-field mismatch/no signal
  ---
  duration_ms: 0.235125
  type: 'test'
  location: '<worktree>/spikes/web/harness/tests/preview-control.test.mjs:117:1'
  failureType: 'testCodeFailure'
  error: "Cannot find module '<worktree>/spikes/web/harness/scripts/preview-control.mjs' imported from <worktree>/spikes/web/harness/tests/preview-control.test.mjs"
  code: 'ERR_MODULE_NOT_FOUND'
  stack: |-
    finalizeResolution (node:internal/modules/esm/resolve:275:11)
    moduleResolve (node:internal/modules/esm/resolve:861:10)
    defaultResolve (node:internal/modules/esm/resolve:985:11)
    #cachedDefaultResolve (node:internal/modules/esm/loader:747:20)
    ModuleLoader.resolve (node:internal/modules/esm/loader:724:38)
    ModuleLoader.getModuleJobForImport (node:internal/modules/esm/loader:320:38)
    onImport.tracePromise.__proto__ (node:internal/modules/esm/loader:680:36)
    TracingChannel.tracePromise (node:diagnostics_channel:350:14)
    ModuleLoader.import (node:internal/modules/esm/loader:679:21)
    defaultImportModuleDynamicallyForModule (node:internal/modules/esm/utils:222:31)
  ...
# Subtest: GA-LIFE-006 exact route/path/symlink/traversal/query/method rejection
not ok 6 - GA-LIFE-006 exact route/path/symlink/traversal/query/method rejection
  ---
  duration_ms: 0.334709
  type: 'test'
  location: '<worktree>/spikes/web/harness/tests/preview-control.test.mjs:139:1'
  failureType: 'testCodeFailure'
  error: "Cannot find module '<worktree>/spikes/web/harness/scripts/static-host.mjs' imported from <worktree>/spikes/web/harness/tests/preview-control.test.mjs"
  code: 'ERR_MODULE_NOT_FOUND'
  stack: |-
    finalizeResolution (node:internal/modules/esm/resolve:275:11)
    moduleResolve (node:internal/modules/esm/resolve:861:10)
    defaultResolve (node:internal/modules/esm/resolve:985:11)
    #cachedDefaultResolve (node:internal/modules/esm/loader:747:20)
    ModuleLoader.resolve (node:internal/modules/esm/loader:724:38)
    ModuleLoader.getModuleJobForImport (node:internal/modules/esm/loader:320:38)
    onImport.tracePromise.__proto__ (node:internal/modules/esm/loader:680:36)
    TracingChannel.tracePromise (node:diagnostics_channel:350:14)
    ModuleLoader.import (node:internal/modules/esm/loader:679:21)
    defaultImportModuleDynamicallyForModule (node:internal/modules/esm/utils:222:31)
  ...
# Subtest: GA-LIFE-007 wrong lesson or fixture digest rejected
not ok 7 - GA-LIFE-007 wrong lesson or fixture digest rejected
  ---
  duration_ms: 0.369208
  type: 'test'
  location: '<worktree>/spikes/web/harness/tests/preview-control.test.mjs:157:1'
  failureType: 'testCodeFailure'
  error: "Cannot find module '<worktree>/spikes/web/harness/scripts/preview-control.mjs' imported from <worktree>/spikes/web/harness/tests/preview-control.test.mjs"
  code: 'ERR_MODULE_NOT_FOUND'
  stack: |-
    finalizeResolution (node:internal/modules/esm/resolve:275:11)
    moduleResolve (node:internal/modules/esm/resolve:861:10)
    defaultResolve (node:internal/modules/esm/resolve:985:11)
    #cachedDefaultResolve (node:internal/modules/esm/loader:747:20)
    ModuleLoader.resolve (node:internal/modules/esm/loader:724:38)
    ModuleLoader.getModuleJobForImport (node:internal/modules/esm/loader:320:38)
    onImport.tracePromise.__proto__ (node:internal/modules/esm/loader:680:36)
    TracingChannel.tracePromise (node:diagnostics_channel:350:14)
    ModuleLoader.import (node:internal/modules/esm/loader:679:21)
    defaultImportModuleDynamicallyForModule (node:internal/modules/esm/utils:222:31)
  ...
# Subtest: GA-LIFE-008 only new audited input and canonical fixture digest accepted
not ok 8 - GA-LIFE-008 only new audited input and canonical fixture digest accepted
  ---
  duration_ms: 0.438917
  type: 'test'
  location: '<worktree>/spikes/web/harness/tests/preview-control.test.mjs:165:1'
  failureType: 'testCodeFailure'
  error: "Cannot find module '<worktree>/spikes/web/harness/scripts/preview-control.mjs' imported from <worktree>/spikes/web/harness/tests/preview-control.test.mjs"
  code: 'ERR_MODULE_NOT_FOUND'
  stack: |-
    finalizeResolution (node:internal/modules/esm/resolve:275:11)
    moduleResolve (node:internal/modules/esm/resolve:861:10)
    defaultResolve (node:internal/modules/esm/resolve:985:11)
    #cachedDefaultResolve (node:internal/modules/esm/loader:747:20)
    ModuleLoader.resolve (node:internal/modules/esm/loader:724:38)
    ModuleLoader.getModuleJobForImport (node:internal/modules/esm/loader:320:38)
    onImport.tracePromise.__proto__ (node:internal/modules/esm/loader:680:36)
    TracingChannel.tracePromise (node:diagnostics_channel:350:14)
    ModuleLoader.import (node:internal/modules/esm/loader:679:21)
    defaultImportModuleDynamicallyForModule (node:internal/modules/esm/utils:222:31)
  ...
# Subtest: GA-LIFE-009 double reset/baseline/audit counter/history contract
not ok 9 - GA-LIFE-009 double reset/baseline/audit counter/history contract
  ---
  duration_ms: 0.605375
  type: 'test'
  location: '<worktree>/spikes/web/harness/tests/preview-control.test.mjs:179:1'
  failureType: 'testCodeFailure'
  error: "Cannot find module '<worktree>/spikes/web/harness/scripts/preview-control.mjs' imported from <worktree>/spikes/web/harness/tests/preview-control.test.mjs"
  code: 'ERR_MODULE_NOT_FOUND'
  stack: |-
    finalizeResolution (node:internal/modules/esm/resolve:275:11)
    moduleResolve (node:internal/modules/esm/resolve:861:10)
    defaultResolve (node:internal/modules/esm/resolve:985:11)
    #cachedDefaultResolve (node:internal/modules/esm/loader:747:20)
    ModuleLoader.resolve (node:internal/modules/esm/loader:724:38)
    ModuleLoader.getModuleJobForImport (node:internal/modules/esm/loader:320:38)
    onImport.tracePromise.__proto__ (node:internal/modules/esm/loader:680:36)
    TracingChannel.tracePromise (node:diagnostics_channel:350:14)
    ModuleLoader.import (node:internal/modules/esm/loader:679:21)
    defaultImportModuleDynamicallyForModule (node:internal/modules/esm/utils:222:31)
  ...
# Subtest: GA-LIFE-010 down without locator is idempotent/no signal
not ok 10 - GA-LIFE-010 down without locator is idempotent/no signal
  ---
  duration_ms: 0.565917
  type: 'test'
  location: '<worktree>/spikes/web/harness/tests/preview-control.test.mjs:191:1'
  failureType: 'testCodeFailure'
  error: "Cannot find module '<worktree>/spikes/web/harness/scripts/preview-control.mjs' imported from <worktree>/spikes/web/harness/tests/preview-control.test.mjs"
  code: 'ERR_MODULE_NOT_FOUND'
  stack: |-
    finalizeResolution (node:internal/modules/esm/resolve:275:11)
    moduleResolve (node:internal/modules/esm/resolve:861:10)
    defaultResolve (node:internal/modules/esm/resolve:985:11)
    #cachedDefaultResolve (node:internal/modules/esm/loader:747:20)
    ModuleLoader.resolve (node:internal/modules/esm/loader:724:38)
    ModuleLoader.getModuleJobForImport (node:internal/modules/esm/loader:320:38)
    onImport.tracePromise.__proto__ (node:internal/modules/esm/loader:680:36)
    TracingChannel.tracePromise (node:diagnostics_channel:350:14)
    ModuleLoader.import (node:internal/modules/esm/loader:679:21)
    defaultImportModuleDynamicallyForModule (node:internal/modules/esm/utils:222:31)
  ...
# Subtest: GA-LIFE-011 foreign listener or locator mismatch/no signal
not ok 11 - GA-LIFE-011 foreign listener or locator mismatch/no signal
  ---
  duration_ms: 0.158541
  type: 'test'
  location: '<worktree>/spikes/web/harness/tests/preview-control.test.mjs:204:1'
  failureType: 'testCodeFailure'
  error: "Cannot find module '<worktree>/spikes/web/harness/scripts/preview-control.mjs' imported from <worktree>/spikes/web/harness/tests/preview-control.test.mjs"
  code: 'ERR_MODULE_NOT_FOUND'
  stack: |-
    finalizeResolution (node:internal/modules/esm/resolve:275:11)
    moduleResolve (node:internal/modules/esm/resolve:861:10)
    defaultResolve (node:internal/modules/esm/resolve:985:11)
    #cachedDefaultResolve (node:internal/modules/esm/loader:747:20)
    ModuleLoader.resolve (node:internal/modules/esm/loader:724:38)
    ModuleLoader.getModuleJobForImport (node:internal/modules/esm/loader:320:38)
    onImport.tracePromise.__proto__ (node:internal/modules/esm/loader:680:36)
    TracingChannel.tracePromise (node:diagnostics_channel:350:14)
    ModuleLoader.import (node:internal/modules/esm/loader:679:21)
    defaultImportModuleDynamicallyForModule (node:internal/modules/esm/utils:222:31)
  ...
# Subtest: GA-LIFE-012 observed authority binds fixed host/requested port
not ok 12 - GA-LIFE-012 observed authority binds fixed host/requested port
  ---
  duration_ms: 0.196
  type: 'test'
  location: '<worktree>/spikes/web/harness/tests/preview-control.test.mjs:221:1'
  failureType: 'testCodeFailure'
  error: "Cannot find module '<worktree>/spikes/web/harness/scripts/preview-control.mjs' imported from <worktree>/spikes/web/harness/tests/preview-control.test.mjs"
  code: 'ERR_MODULE_NOT_FOUND'
  stack: |-
    finalizeResolution (node:internal/modules/esm/resolve:275:11)
    moduleResolve (node:internal/modules/esm/resolve:861:10)
    defaultResolve (node:internal/modules/esm/resolve:985:11)
    #cachedDefaultResolve (node:internal/modules/esm/loader:747:20)
    ModuleLoader.resolve (node:internal/modules/esm/loader:724:38)
    ModuleLoader.getModuleJobForImport (node:internal/modules/esm/loader:320:38)
    onImport.tracePromise.__proto__ (node:internal/modules/esm/loader:680:36)
    TracingChannel.tracePromise (node:diagnostics_channel:350:14)
    ModuleLoader.import (node:internal/modules/esm/loader:679:21)
    defaultImportModuleDynamicallyForModule (node:internal/modules/esm/utils:222:31)
  ...
# Subtest: GA-LIFE-013 surviving verified owned process is reported
not ok 13 - GA-LIFE-013 surviving verified owned process is reported
  ---
  duration_ms: 0.147
  type: 'test'
  location: '<worktree>/spikes/web/harness/tests/preview-control.test.mjs:246:1'
  failureType: 'testCodeFailure'
  error: "Cannot find module '<worktree>/spikes/web/harness/scripts/preview-control.mjs' imported from <worktree>/spikes/web/harness/tests/preview-control.test.mjs"
  code: 'ERR_MODULE_NOT_FOUND'
  stack: |-
    finalizeResolution (node:internal/modules/esm/resolve:275:11)
    moduleResolve (node:internal/modules/esm/resolve:861:10)
    defaultResolve (node:internal/modules/esm/resolve:985:11)
    #cachedDefaultResolve (node:internal/modules/esm/loader:747:20)
    ModuleLoader.resolve (node:internal/modules/esm/loader:724:38)
    ModuleLoader.getModuleJobForImport (node:internal/modules/esm/loader:320:38)
    onImport.tracePromise.__proto__ (node:internal/modules/esm/loader:680:36)
    TracingChannel.tracePromise (node:diagnostics_channel:350:14)
    ModuleLoader.import (node:internal/modules/esm/loader:679:21)
    defaultImportModuleDynamicallyForModule (node:internal/modules/esm/utils:222:31)
  ...
# Subtest: GA-LIFE-014 readiness binds lesson/digest/run/input
not ok 14 - GA-LIFE-014 readiness binds lesson/digest/run/input
  ---
  duration_ms: 5.498875
  type: 'test'
  location: '<worktree>/spikes/web/harness/tests/preview-control.test.mjs:266:1'
  failureType: 'testCodeFailure'
  error: "ENOENT: no such file or directory, open '<worktree>/spikes/web/common/fixtures/synthetic-promotion-trust-v1.json'"
  code: 'ENOENT'
  stack: |-
    async open (node:internal/fs/promises:639:25)
    async readFile (node:internal/fs/promises:1249:14)
    async TestContext.<anonymous> (file://<worktree>/spikes/web/harness/tests/preview-control.test.mjs:267:30)
    async Test.run (node:internal/test_runner/test:1054:7)
    async Test.processPendingSubtests (node:internal/test_runner/test:744:7)
  ...
# Subtest: GA-LIFE-015 canonical fixture bytes/digest validation
not ok 15 - GA-LIFE-015 canonical fixture bytes/digest validation
  ---
  duration_ms: 0.664416
  type: 'test'
  location: '<worktree>/spikes/web/harness/tests/preview-control.test.mjs:282:1'
  failureType: 'testCodeFailure'
  error: "ENOENT: no such file or directory, open '<worktree>/spikes/web/common/fixtures/synthetic-promotion-trust-v1.json'"
  code: 'ENOENT'
  stack: |-
    async open (node:internal/fs/promises:639:25)
    async readFile (node:internal/fs/promises:1249:14)
    async TestContext.<anonymous> (file://<worktree>/spikes/web/harness/tests/preview-control.test.mjs:283:17)
    async Test.run (node:internal/test_runner/test:1054:7)
    async Test.processPendingSubtests (node:internal/test_runner/test:744:7)
  ...
# Subtest: GA-LIFE-016 redirect rejection and fixed host authority
not ok 16 - GA-LIFE-016 redirect rejection and fixed host authority
  ---
  duration_ms: 0.327083
  type: 'test'
  location: '<worktree>/spikes/web/harness/tests/preview-control.test.mjs:292:1'
  failureType: 'testCodeFailure'
  error: "ENOENT: no such file or directory, open '<worktree>/spikes/web/harness/scripts/preview-control.mjs'"
  code: 'ENOENT'
  stack: |-
    async open (node:internal/fs/promises:639:25)
    async readFile (node:internal/fs/promises:1249:14)
    async TestContext.<anonymous> (file://<worktree>/spikes/web/harness/tests/preview-control.test.mjs:293:28)
    async Test.run (node:internal/test_runner/test:1054:7)
    async Test.processPendingSubtests (node:internal/test_runner/test:744:7)
  ...
# Subtest: GA-LIFE-017 real asset rejects symlink/outside/non-regular before read
not ok 17 - GA-LIFE-017 real asset rejects symlink/outside/non-regular before read
  ---
  duration_ms: 0.274125
  type: 'test'
  location: '<worktree>/spikes/web/harness/tests/preview-control.test.mjs:300:1'
  failureType: 'testCodeFailure'
  error: "Cannot find module '<worktree>/spikes/web/harness/scripts/static-host.mjs' imported from <worktree>/spikes/web/harness/tests/preview-control.test.mjs"
  code: 'ERR_MODULE_NOT_FOUND'
  stack: |-
    finalizeResolution (node:internal/modules/esm/resolve:275:11)
    moduleResolve (node:internal/modules/esm/resolve:861:10)
    defaultResolve (node:internal/modules/esm/resolve:985:11)
    #cachedDefaultResolve (node:internal/modules/esm/loader:747:20)
    ModuleLoader.resolve (node:internal/modules/esm/loader:724:38)
    ModuleLoader.getModuleJobForImport (node:internal/modules/esm/loader:320:38)
    onImport.tracePromise.__proto__ (node:internal/modules/esm/loader:680:36)
    TracingChannel.tracePromise (node:diagnostics_channel:350:14)
    ModuleLoader.import (node:internal/modules/esm/loader:679:21)
    defaultImportModuleDynamicallyForModule (node:internal/modules/esm/utils:222:31)
  ...
1..17
# tests 17
# suites 0
# pass 0
# fail 17
# cancelled 0
# skipped 0
# todo 0
# duration_ms 102.752042
