TAP version 13
# Subtest: WEB-API-001 staticLogical exposes only same-origin static reads and strict CSP; runtime network facet remains pending
not ok 1 - WEB-API-001 staticLogical exposes only same-origin static reads and strict CSP; runtime network facet remains pending
  ---
  duration_ms: 4.487084
  type: 'test'
  location: '<worktree>/spikes/web/common/tests/browser-authority.test.mjs:7:1'
  failureType: 'testCodeFailure'
  error: "ENOENT: no such file or directory, open '<worktree>/spikes/web/preview/index.html'"
  code: 'ENOENT'
  stack: |-
    async open (node:internal/fs/promises:639:25)
    async readFile (node:internal/fs/promises:1249:14)
    async Promise.all (index 0)
    async TestContext.<anonymous> (file://<worktree>/spikes/web/common/tests/browser-authority.test.mjs:12:17)
    async Test.run (node:internal/test_runner/test:1054:7)
    async startSubtestAfterBootstrap (node:internal/test_runner/harness:296:3)
  ...
# Subtest: WEB-CONTRACT-001 staticLogical rejects incomplete, unknown, executable, stale, secret and authority-bearing data
not ok 2 - WEB-CONTRACT-001 staticLogical rejects incomplete, unknown, executable, stale, secret and authority-bearing data
  ---
  duration_ms: 3.431208
  type: 'test'
  location: '<worktree>/spikes/web/common/tests/contract-schema.test.mjs:27:1'
  failureType: 'testCodeFailure'
  error: "ENOENT: no such file or directory, open '<worktree>/spikes/web/common/contracts/lesson-manifest-view.schema.json'"
  code: 'ENOENT'
  stack: |-
    async open (node:internal/fs/promises:639:25)
    async readFile (node:internal/fs/promises:1249:14)
    async json (file://<worktree>/spikes/web/common/tests/contract-schema.test.mjs:24:21)
    async Promise.all (index 0)
    async TestContext.<anonymous> (file://<worktree>/spikes/web/common/tests/contract-schema.test.mjs:28:19)
    async Test.run (node:internal/test_runner/test:1054:7)
    async startSubtestAfterBootstrap (node:internal/test_runner/harness:296:3)
  ...
# Subtest: WEB-CONTRACT-001 state-view validation shares the canonical browser state vocabulary
not ok 3 - WEB-CONTRACT-001 state-view validation shares the canonical browser state vocabulary
  ---
  duration_ms: 5.150459
  type: 'test'
  location: '<worktree>/spikes/web/common/tests/contract-schema.test.mjs:61:1'
  failureType: 'testCodeFailure'
  error: "Cannot find module '<worktree>/spikes/web/common/state/preview-state.mjs' imported from <worktree>/spikes/web/common/tests/contract-schema.test.mjs"
  code: 'ERR_MODULE_NOT_FOUND'
  stack: |-
    finalizeResolution (node:internal/modules/esm/resolve:275:11)
    moduleResolve (node:internal/modules/esm/resolve:861:10)
    defaultResolve (node:internal/modules/esm/resolve:985:11)
    #cachedDefaultResolve (node:internal/modules/esm/loader:747:20)
    ModuleLoader.resolve (node:internal/modules/esm/loader:724:38)
    ModuleLoader.getModuleJobForImport (node:internal/modules/esm/loader:320:38)
    onImport.tracePromise.__proto__ (node:internal/modules/esm/loader:680:36)
    TracingChannel.tracePromise (node:diagnostics_channel:350:14)
    ModuleLoader.import (node:internal/modules/esm/loader:679:21)
    defaultImportModuleDynamicallyForModule (node:internal/modules/esm/utils:222:31)
  ...
# Subtest: WEB-FAIL-001 staticLogical gives controlled, environmental and unexpected failures distinct behavior
not ok 4 - WEB-FAIL-001 staticLogical gives controlled, environmental and unexpected failures distinct behavior
  ---
  duration_ms: 7.637292
  type: 'test'
  location: '<worktree>/spikes/web/common/tests/failure-taxonomy.test.mjs:5:1'
  failureType: 'testCodeFailure'
  error: "ENOENT: no such file or directory, open '<worktree>/spikes/web/common/contracts/failure-codes.json'"
  code: 'ENOENT'
  stack: |-
    async open (node:internal/fs/promises:639:25)
    async readFile (node:internal/fs/promises:1249:14)
    async TestContext.<anonymous> (file://<worktree>/spikes/web/common/tests/failure-taxonomy.test.mjs:6:31)
    async Test.run (node:internal/test_runner/test:1054:7)
    async startSubtestAfterBootstrap (node:internal/test_runner/harness:296:3)
  ...
# Subtest: WEB-CONTRACT-002 staticLogical exposes exactly four independent grain-honest cards
not ok 5 - WEB-CONTRACT-002 staticLogical exposes exactly four independent grain-honest cards
  ---
  duration_ms: 4.717792
  type: 'test'
  location: '<worktree>/spikes/web/common/tests/four-grain.test.mjs:18:1'
  failureType: 'testCodeFailure'
  error: "ENOENT: no such file or directory, open '<worktree>/spikes/web/common/fixtures/synthetic-promotion-trust-v1.json'"
  code: 'ENOENT'
  stack: |-
    async open (node:internal/fs/promises:639:25)
    async readFile (node:internal/fs/promises:1249:14)
    async fixture (file://<worktree>/spikes/web/common/tests/four-grain.test.mjs:8:21)
    async TestContext.<anonymous> (file://<worktree>/spikes/web/common/tests/four-grain.test.mjs:19:16)
    async Test.run (node:internal/test_runner/test:1054:7)
    async startSubtestAfterBootstrap (node:internal/test_runner/harness:296:3)
  ...
# Subtest: WEB-CONTRACT-003 staticLogical forbids cross-grain relationships, joins, composites and visual edges
not ok 6 - WEB-CONTRACT-003 staticLogical forbids cross-grain relationships, joins, composites and visual edges
  ---
  duration_ms: 2.790417
  type: 'test'
  location: '<worktree>/spikes/web/common/tests/four-grain.test.mjs:29:1'
  failureType: 'testCodeFailure'
  error: "ENOENT: no such file or directory, open '<worktree>/spikes/web/common/fixtures/synthetic-promotion-trust-v1.json'"
  code: 'ENOENT'
  stack: |-
    async open (node:internal/fs/promises:639:25)
    async readFile (node:internal/fs/promises:1249:14)
    async fixture (file://<worktree>/spikes/web/common/tests/four-grain.test.mjs:8:21)
    async TestContext.<anonymous> (file://<worktree>/spikes/web/common/tests/four-grain.test.mjs:30:16)
    async Test.run (node:internal/test_runner/test:1054:7)
    async Test.processPendingSubtests (node:internal/test_runner/test:744:7)
  ...
# Subtest: WEB-TRUST-001 staticLogical rejects the naive headline with exactly insufficient evidence
not ok 7 - WEB-TRUST-001 staticLogical rejects the naive headline with exactly insufficient evidence
  ---
  duration_ms: 0.501625
  type: 'test'
  location: '<worktree>/spikes/web/common/tests/four-grain.test.mjs:38:1'
  failureType: 'testCodeFailure'
  error: "ENOENT: no such file or directory, open '<worktree>/spikes/web/common/fixtures/synthetic-promotion-trust-v1.json'"
  code: 'ENOENT'
  stack: |-
    async open (node:internal/fs/promises:639:25)
    async readFile (node:internal/fs/promises:1249:14)
    async fixture (file://<worktree>/spikes/web/common/tests/four-grain.test.mjs:8:21)
    async TestContext.<anonymous> (file://<worktree>/spikes/web/common/tests/four-grain.test.mjs:39:16)
    async Test.run (node:internal/test_runner/test:1054:7)
    async Test.processPendingSubtests (node:internal/test_runner/test:744:7)
  ...
# Subtest: WEB-TRUST-002 staticLogical assigns no fulfillment, return or DQ fact to a promotion
not ok 8 - WEB-TRUST-002 staticLogical assigns no fulfillment, return or DQ fact to a promotion
  ---
  duration_ms: 1.976625
  type: 'test'
  location: '<worktree>/spikes/web/common/tests/four-grain.test.mjs:46:1'
  failureType: 'testCodeFailure'
  error: "ENOENT: no such file or directory, open '<worktree>/spikes/web/common/fixtures/synthetic-promotion-trust-v1.json'"
  code: 'ENOENT'
  stack: |-
    async open (node:internal/fs/promises:639:25)
    async readFile (node:internal/fs/promises:1249:14)
    async fixture (file://<worktree>/spikes/web/common/tests/four-grain.test.mjs:8:21)
    async TestContext.<anonymous> (file://<worktree>/spikes/web/common/tests/four-grain.test.mjs:47:16)
    async Test.run (node:internal/test_runner/test:1054:7)
    async Test.processPendingSubtests (node:internal/test_runner/test:744:7)
  ...
# Subtest: WEB-E2E-001 staticLogical journey is deterministic, reversible and non-completing; browser decision remains pending
not ok 9 - WEB-E2E-001 staticLogical journey is deterministic, reversible and non-completing; browser decision remains pending
  ---
  duration_ms: 2.642625
  type: 'test'
  location: '<worktree>/spikes/web/common/tests/journey-contract.test.mjs:5:1'
  failureType: 'testCodeFailure'
  error: "ENOENT: no such file or directory, open '<worktree>/spikes/web/common/state/preview-state-vectors.json'"
  code: 'ENOENT'
  stack: |-
    async open (node:internal/fs/promises:639:25)
    async readFile (node:internal/fs/promises:1249:14)
    async TestContext.<anonymous> (file://<worktree>/spikes/web/common/tests/journey-contract.test.mjs:6:30)
    async Test.run (node:internal/test_runner/test:1054:7)
    async startSubtestAfterBootstrap (node:internal/test_runner/harness:296:3)
  ...
# Subtest: WEB-NONCOPY-001 staticLogical records principle-only inspiration and project-owned expression; reviewer remains pending
not ok 10 - WEB-NONCOPY-001 staticLogical records principle-only inspiration and project-owned expression; reviewer remains pending
  ---
  duration_ms: 5.091625
  type: 'test'
  location: '<worktree>/spikes/web/common/tests/non-copy.test.mjs:5:1'
  failureType: 'testCodeFailure'
  error: "ENOENT: no such file or directory, open '<worktree>/spikes/web/non-copy-inventory.md'"
  code: 'ENOENT'
  stack: |-
    async open (node:internal/fs/promises:639:25)
    async readFile (node:internal/fs/promises:1249:14)
    async TestContext.<anonymous> (file://<worktree>/spikes/web/common/tests/non-copy.test.mjs:6:21)
    async Test.run (node:internal/test_runner/test:1054:7)
    async startSubtestAfterBootstrap (node:internal/test_runner/harness:296:3)
  ...
# Subtest: WEB-PREVIEW-002 staticLogical contains no completion, runner, cloud, mutation or remote-content authority
not ok 11 - WEB-PREVIEW-002 staticLogical contains no completion, runner, cloud, mutation or remote-content authority
  ---
  duration_ms: 7.52125
  type: 'test'
  location: '<worktree>/spikes/web/common/tests/preview-authority.test.mjs:10:1'
  failureType: 'testCodeFailure'
  error: "ENOENT: no such file or directory, open '<worktree>/spikes/web/preview/index.html'"
  code: 'ENOENT'
  stack: |-
    async open (node:internal/fs/promises:639:25)
    async readFile (node:internal/fs/promises:1249:14)
    async Promise.all (index 0)
    async TestContext.<anonymous> (file://<worktree>/spikes/web/common/tests/preview-authority.test.mjs:11:17)
    async Test.run (node:internal/test_runner/test:1054:7)
    async startSubtestAfterBootstrap (node:internal/test_runner/harness:296:3)
  ...
# Subtest: WEB-STATE-001 browser owns the one reducer implementation and common state re-exports it
not ok 12 - WEB-STATE-001 browser owns the one reducer implementation and common state re-exports it
  ---
  duration_ms: 1.508834
  type: 'test'
  location: '<worktree>/spikes/web/common/tests/preview-authority.test.mjs:16:1'
  failureType: 'testCodeFailure'
  error: "ENOENT: no such file or directory, open '<worktree>/spikes/web/preview/preview.mjs'"
  code: 'ENOENT'
  stack: |-
    async open (node:internal/fs/promises:639:25)
    async readFile (node:internal/fs/promises:1249:14)
    async TestContext.<anonymous> (file://<worktree>/spikes/web/common/tests/preview-authority.test.mjs:17:18)
    async Test.run (node:internal/test_runner/test:1054:7)
    async Test.processPendingSubtests (node:internal/test_runner/test:744:7)
  ...
# Subtest: WEB-API-001 every browser module dependency is one of the exact served routes
not ok 13 - WEB-API-001 every browser module dependency is one of the exact served routes
  ---
  duration_ms: 0.486583
  type: 'test'
  location: '<worktree>/spikes/web/common/tests/preview-authority.test.mjs:24:1'
  failureType: 'testCodeFailure'
  error: "ENOENT: no such file or directory, open '<worktree>/spikes/web/preview/preview.mjs'"
  code: 'ENOENT'
  stack: |-
    async open (node:internal/fs/promises:639:25)
    async readFile (node:internal/fs/promises:1249:14)
    async TestContext.<anonymous> (file://<worktree>/spikes/web/common/tests/preview-authority.test.mjs:25:18)
    async Test.run (node:internal/test_runner/test:1054:7)
    async Test.processPendingSubtests (node:internal/test_runner/test:744:7)
  ...
# Subtest: WEB-A11Y-001 explicit previous/next commits and leaves native anchor navigation operable
not ok 14 - WEB-A11Y-001 explicit previous/next commits and leaves native anchor navigation operable
  ---
  duration_ms: 1.418708
  type: 'test'
  location: '<worktree>/spikes/web/common/tests/preview-authority.test.mjs:30:1'
  failureType: 'testCodeFailure'
  error: "ENOENT: no such file or directory, open '<worktree>/spikes/web/preview/preview.mjs'"
  code: 'ENOENT'
  stack: |-
    async open (node:internal/fs/promises:639:25)
    async readFile (node:internal/fs/promises:1249:14)
    async TestContext.<anonymous> (file://<worktree>/spikes/web/common/tests/preview-authority.test.mjs:31:18)
    async Test.run (node:internal/test_runner/test:1054:7)
    async Test.processPendingSubtests (node:internal/test_runner/test:744:7)
  ...
# Subtest: WEB-PREVIEW-001 staticLogical keeps the exact permanent notice on all authority surfaces
not ok 15 - WEB-PREVIEW-001 staticLogical keeps the exact permanent notice on all authority surfaces
  ---
  duration_ms: 2.413792
  type: 'test'
  location: '<worktree>/spikes/web/common/tests/preview-label.test.mjs:7:1'
  failureType: 'testCodeFailure'
  error: "ENOENT: no such file or directory, open '<worktree>/spikes/web/preview/index.html'"
  code: 'ENOENT'
  stack: |-
    async open (node:internal/fs/promises:639:25)
    async readFile (node:internal/fs/promises:1249:14)
    async TestContext.<anonymous> (file://<worktree>/spikes/web/common/tests/preview-label.test.mjs:8:16)
    async Test.run (node:internal/test_runner/test:1054:7)
    async startSubtestAfterBootstrap (node:internal/test_runner/harness:296:3)
  ...
# Subtest: WEB-STATE-001 staticLogical commits only explicit navigation and restores committed history/reload state
not ok 16 - WEB-STATE-001 staticLogical commits only explicit navigation and restores committed history/reload state
  ---
  duration_ms: 0.929959
  type: 'test'
  location: '<worktree>/spikes/web/common/tests/state-navigation.test.mjs:8:1'
  failureType: 'testCodeFailure'
  error: "Cannot find module '<worktree>/spikes/web/common/state/preview-state.mjs' imported from <worktree>/spikes/web/common/tests/state-navigation.test.mjs"
  code: 'ERR_MODULE_NOT_FOUND'
  stack: |-
    finalizeResolution (node:internal/modules/esm/resolve:275:11)
    moduleResolve (node:internal/modules/esm/resolve:861:10)
    defaultResolve (node:internal/modules/esm/resolve:985:11)
    #cachedDefaultResolve (node:internal/modules/esm/loader:747:20)
    ModuleLoader.resolve (node:internal/modules/esm/loader:724:38)
    ModuleLoader.getModuleJobForImport (node:internal/modules/esm/loader:320:38)
    onImport.tracePromise.__proto__ (node:internal/modules/esm/loader:680:36)
    TracingChannel.tracePromise (node:diagnostics_channel:350:14)
    ModuleLoader.import (node:internal/modules/esm/loader:679:21)
    defaultImportModuleDynamicallyForModule (node:internal/modules/esm/utils:222:31)
  ...
# Subtest: WEB-NOSCROLL-001 staticLogical ignores scroll, hover, motion, time, visitation and focus for commit/verify
not ok 17 - WEB-NOSCROLL-001 staticLogical ignores scroll, hover, motion, time, visitation and focus for commit/verify
  ---
  duration_ms: 0.20925
  type: 'test'
  location: '<worktree>/spikes/web/common/tests/state-navigation.test.mjs:21:1'
  failureType: 'testCodeFailure'
  error: "Cannot find module '<worktree>/spikes/web/common/state/preview-state.mjs' imported from <worktree>/spikes/web/common/tests/state-navigation.test.mjs"
  code: 'ERR_MODULE_NOT_FOUND'
  stack: |-
    finalizeResolution (node:internal/modules/esm/resolve:275:11)
    moduleResolve (node:internal/modules/esm/resolve:861:10)
    defaultResolve (node:internal/modules/esm/resolve:985:11)
    #cachedDefaultResolve (node:internal/modules/esm/loader:747:20)
    ModuleLoader.resolve (node:internal/modules/esm/loader:724:38)
    ModuleLoader.getModuleJobForImport (node:internal/modules/esm/loader:320:38)
    onImport.tracePromise.__proto__ (node:internal/modules/esm/loader:680:36)
    TracingChannel.tracePromise (node:diagnostics_channel:350:14)
    ModuleLoader.import (node:internal/modules/esm/loader:679:21)
    defaultImportModuleDynamicallyForModule (node:internal/modules/esm/utils:222:31)
  ...
# Subtest: WEB-STATE-001 untrusted history projection cannot author verifier, evidence, conclusion, mutation or extra fields
not ok 18 - WEB-STATE-001 untrusted history projection cannot author verifier, evidence, conclusion, mutation or extra fields
  ---
  duration_ms: 1.075875
  type: 'test'
  location: '<worktree>/spikes/web/common/tests/state-navigation.test.mjs:34:1'
  failureType: 'testCodeFailure'
  error: "Cannot find module '<worktree>/spikes/web/common/state/preview-state.mjs' imported from <worktree>/spikes/web/common/tests/state-navigation.test.mjs"
  code: 'ERR_MODULE_NOT_FOUND'
  stack: |-
    finalizeResolution (node:internal/modules/esm/resolve:275:11)
    moduleResolve (node:internal/modules/esm/resolve:861:10)
    defaultResolve (node:internal/modules/esm/resolve:985:11)
    #cachedDefaultResolve (node:internal/modules/esm/loader:747:20)
    ModuleLoader.resolve (node:internal/modules/esm/loader:724:38)
    ModuleLoader.getModuleJobForImport (node:internal/modules/esm/loader:320:38)
    onImport.tracePromise.__proto__ (node:internal/modules/esm/loader:680:36)
    TracingChannel.tracePromise (node:diagnostics_channel:350:14)
    ModuleLoader.import (node:internal/modules/esm/loader:679:21)
    defaultImportModuleDynamicallyForModule (node:internal/modules/esm/utils:222:31)
  ...
# Subtest: WEB-STATE-001 reflection, draft and visitation remain transient and never commit or verify
not ok 19 - WEB-STATE-001 reflection, draft and visitation remain transient and never commit or verify
  ---
  duration_ms: 0.37425
  type: 'test'
  location: '<worktree>/spikes/web/common/tests/state-navigation.test.mjs:60:1'
  failureType: 'testCodeFailure'
  error: "Cannot find module '<worktree>/spikes/web/common/state/preview-state.mjs' imported from <worktree>/spikes/web/common/tests/state-navigation.test.mjs"
  code: 'ERR_MODULE_NOT_FOUND'
  stack: |-
    finalizeResolution (node:internal/modules/esm/resolve:275:11)
    moduleResolve (node:internal/modules/esm/resolve:861:10)
    defaultResolve (node:internal/modules/esm/resolve:985:11)
    #cachedDefaultResolve (node:internal/modules/esm/loader:747:20)
    ModuleLoader.resolve (node:internal/modules/esm/loader:724:38)
    ModuleLoader.getModuleJobForImport (node:internal/modules/esm/loader:320:38)
    onImport.tracePromise.__proto__ (node:internal/modules/esm/loader:680:36)
    TracingChannel.tracePromise (node:diagnostics_channel:350:14)
    ModuleLoader.import (node:internal/modules/esm/loader:679:21)
    defaultImportModuleDynamicallyForModule (node:internal/modules/esm/utils:222:31)
  ...
# Subtest: WEB-FAIL-001 fixture verification maps unavailable, digest and asset failures without verified state
not ok 20 - WEB-FAIL-001 fixture verification maps unavailable, digest and asset failures without verified state
  ---
  duration_ms: 0.383459
  type: 'test'
  location: '<worktree>/spikes/web/common/tests/state-navigation.test.mjs:75:1'
  failureType: 'testCodeFailure'
  error: "Cannot find module '<worktree>/spikes/web/common/state/preview-state.mjs' imported from <worktree>/spikes/web/common/tests/state-navigation.test.mjs"
  code: 'ERR_MODULE_NOT_FOUND'
  stack: |-
    finalizeResolution (node:internal/modules/esm/resolve:275:11)
    moduleResolve (node:internal/modules/esm/resolve:861:10)
    defaultResolve (node:internal/modules/esm/resolve:985:11)
    #cachedDefaultResolve (node:internal/modules/esm/loader:747:20)
    ModuleLoader.resolve (node:internal/modules/esm/loader:724:38)
    ModuleLoader.getModuleJobForImport (node:internal/modules/esm/loader:320:38)
    onImport.tracePromise.__proto__ (node:internal/modules/esm/loader:680:36)
    TracingChannel.tracePromise (node:diagnostics_channel:350:14)
    ModuleLoader.import (node:internal/modules/esm/loader:679:21)
    defaultImportModuleDynamicallyForModule (node:internal/modules/esm/utils:222:31)
  ...
# Subtest: WEB-STATE-002 staticLogical reset is deterministic, idempotent and separately audit-counted
not ok 21 - WEB-STATE-002 staticLogical reset is deterministic, idempotent and separately audit-counted
  ---
  duration_ms: 0.871917
  type: 'test'
  location: '<worktree>/spikes/web/common/tests/state-reset.test.mjs:4:1'
  failureType: 'testCodeFailure'
  error: "Cannot find module '<worktree>/spikes/web/common/state/preview-state.mjs' imported from <worktree>/spikes/web/common/tests/state-reset.test.mjs"
  code: 'ERR_MODULE_NOT_FOUND'
  stack: |-
    finalizeResolution (node:internal/modules/esm/resolve:275:11)
    moduleResolve (node:internal/modules/esm/resolve:861:10)
    defaultResolve (node:internal/modules/esm/resolve:985:11)
    #cachedDefaultResolve (node:internal/modules/esm/loader:747:20)
    ModuleLoader.resolve (node:internal/modules/esm/loader:724:38)
    ModuleLoader.getModuleJobForImport (node:internal/modules/esm/loader:320:38)
    onImport.tracePromise.__proto__ (node:internal/modules/esm/loader:680:36)
    TracingChannel.tracePromise (node:diagnostics_channel:350:14)
    ModuleLoader.import (node:internal/modules/esm/loader:679:21)
    defaultImportModuleDynamicallyForModule (node:internal/modules/esm/utils:222:31)
  ...
# Subtest: WEB-A11Y-001 staticLogical uses native keyboard controls and visible focus; browser facet remains pending
not ok 22 - WEB-A11Y-001 staticLogical uses native keyboard controls and visible focus; browser facet remains pending
  ---
  duration_ms: 3.816625
  type: 'test'
  location: '<worktree>/spikes/web/common/tests/static-facts.test.mjs:23:1'
  failureType: 'testCodeFailure'
  error: "ENOENT: no such file or directory, open '<worktree>/spikes/web/preview/index.html'"
  code: 'ENOENT'
  stack: |-
    async open (node:internal/fs/promises:639:25)
    async readFile (node:internal/fs/promises:1249:14)
    async sources (file://<worktree>/spikes/web/common/tests/static-facts.test.mjs:18:11)
    async TestContext.<anonymous> (file://<worktree>/spikes/web/common/tests/static-facts.test.mjs:24:25)
    async Test.run (node:internal/test_runner/test:1054:7)
    async startSubtestAfterBootstrap (node:internal/test_runner/harness:296:3)
  ...
# Subtest: WEB-A11Y-002 staticLogical has ordered landmarks, headings, tables and live status; manual AT remains pending
not ok 23 - WEB-A11Y-002 staticLogical has ordered landmarks, headings, tables and live status; manual AT remains pending
  ---
  duration_ms: 1.280459
  type: 'test'
  location: '<worktree>/spikes/web/common/tests/static-facts.test.mjs:34:1'
  failureType: 'testCodeFailure'
  error: "ENOENT: no such file or directory, open '<worktree>/spikes/web/preview/index.html'"
  code: 'ENOENT'
  stack: |-
    async open (node:internal/fs/promises:639:25)
    async readFile (node:internal/fs/promises:1249:14)
    async sources (file://<worktree>/spikes/web/common/tests/static-facts.test.mjs:18:11)
    async TestContext.<anonymous> (file://<worktree>/spikes/web/common/tests/static-facts.test.mjs:35:20)
    async Test.run (node:internal/test_runner/test:1054:7)
    async Test.processPendingSubtests (node:internal/test_runner/test:744:7)
  ...
# Subtest: WEB-A11Y-003 staticLogical reflows rail/cards in flow with no 2D narrative scroll; rendered zoom remains pending
not ok 24 - WEB-A11Y-003 staticLogical reflows rail/cards in flow with no 2D narrative scroll; rendered zoom remains pending
  ---
  duration_ms: 0.57375
  type: 'test'
  location: '<worktree>/spikes/web/common/tests/static-facts.test.mjs:42:1'
  failureType: 'testCodeFailure'
  error: "ENOENT: no such file or directory, open '<worktree>/spikes/web/preview/index.html'"
  code: 'ENOENT'
  stack: |-
    async open (node:internal/fs/promises:639:25)
    async readFile (node:internal/fs/promises:1249:14)
    async sources (file://<worktree>/spikes/web/common/tests/static-facts.test.mjs:18:11)
    async TestContext.<anonymous> (file://<worktree>/spikes/web/common/tests/static-facts.test.mjs:43:19)
    async Test.run (node:internal/test_runner/test:1054:7)
    async Test.processPendingSubtests (node:internal/test_runner/test:744:7)
  ...
# Subtest: WEB-A11Y-004 staticLogical removes nonessential motion without content loss; rendered motion remains pending
not ok 25 - WEB-A11Y-004 staticLogical removes nonessential motion without content loss; rendered motion remains pending
  ---
  duration_ms: 1.178125
  type: 'test'
  location: '<worktree>/spikes/web/common/tests/static-facts.test.mjs:52:1'
  failureType: 'testCodeFailure'
  error: "ENOENT: no such file or directory, open '<worktree>/spikes/web/preview/index.html'"
  code: 'ENOENT'
  stack: |-
    async open (node:internal/fs/promises:639:25)
    async readFile (node:internal/fs/promises:1249:14)
    async sources (file://<worktree>/spikes/web/common/tests/static-facts.test.mjs:18:11)
    async TestContext.<anonymous> (file://<worktree>/spikes/web/common/tests/static-facts.test.mjs:53:19)
    async Test.run (node:internal/test_runner/test:1054:7)
    async Test.processPendingSubtests (node:internal/test_runner/test:744:7)
  ...
# Subtest: WEB-STATIC-001 staticLogical keeps all ten acts, facts, limitations and linear navigation in HTML before JS
not ok 26 - WEB-STATIC-001 staticLogical keeps all ten acts, facts, limitations and linear navigation in HTML before JS
  ---
  duration_ms: 0.813292
  type: 'test'
  location: '<worktree>/spikes/web/common/tests/static-facts.test.mjs:61:1'
  failureType: 'testCodeFailure'
  error: "ENOENT: no such file or directory, open '<worktree>/spikes/web/preview/index.html'"
  code: 'ENOENT'
  stack: |-
    async open (node:internal/fs/promises:639:25)
    async readFile (node:internal/fs/promises:1249:14)
    async sources (file://<worktree>/spikes/web/common/tests/static-facts.test.mjs:18:11)
    async TestContext.<anonymous> (file://<worktree>/spikes/web/common/tests/static-facts.test.mjs:62:20)
    async Test.run (node:internal/test_runner/test:1054:7)
    async Test.processPendingSubtests (node:internal/test_runner/test:744:7)
  ...
# Subtest: WEB-TRUST-001 staticLogical renders every concrete fixture fact in its independent semantic card
not ok 27 - WEB-TRUST-001 staticLogical renders every concrete fixture fact in its independent semantic card
  ---
  duration_ms: 0.384667
  type: 'test'
  location: '<worktree>/spikes/web/common/tests/static-facts.test.mjs:71:1'
  failureType: 'testCodeFailure'
  error: "ENOENT: no such file or directory, open '<worktree>/spikes/web/preview/index.html'"
  code: 'ENOENT'
  stack: |-
    async open (node:internal/fs/promises:639:25)
    async readFile (node:internal/fs/promises:1249:14)
    async sources (file://<worktree>/spikes/web/common/tests/static-facts.test.mjs:18:11)
    async TestContext.<anonymous> (file://<worktree>/spikes/web/common/tests/static-facts.test.mjs:72:20)
    async Test.run (node:internal/test_runner/test:1054:7)
    async Test.processPendingSubtests (node:internal/test_runner/test:744:7)
  ...
1..27
# tests 27
# suites 0
# pass 0
# fail 27
# cancelled 0
# skipped 0
# todo 0
# duration_ms 147.982958
