TAP version 13
# Subtest: V3-07 harness contract closes authority, seven groups, commands, and write paths
ok 1 - V3-07 harness contract closes authority, seven groups, commands, and write paths
  ---
  duration_ms: 0.75275
  type: 'test'
  ...
# Subtest: V3-07 S3 scanner rejects credentials, private paths, PII, injection, and remote imports
ok 2 - V3-07 S3 scanner rejects credentials, private paths, PII, injection, and remote imports
  ---
  duration_ms: 1.040208
  type: 'test'
  ...
# Subtest: V3-07 ownership ledger fails closed on foreign port, missing fingerprint, and run mismatch
ok 3 - V3-07 ownership ledger fails closed on foreign port, missing fingerprint, and run mismatch
  ---
  duration_ms: 0.351167
  type: 'test'
  ...
# Subtest: V3-07 retained manifest is closed over exact-head RED, 7/7, redaction, and rollback
ok 4 - V3-07 retained manifest is closed over exact-head RED, 7/7, redaction, and rollback
  ---
  duration_ms: 0.455458
  type: 'test'
  ...
# Subtest: V3-07 runner contains bounded commands and never imports comparison, native, timer, or cloud paths
ok 5 - V3-07 runner contains bounded commands and never imports comparison, native, timer, or cloud paths
  ---
  duration_ms: 0.943541
  type: 'test'
  ...
1..5
# tests 5
# suites 0
# pass 5
# fail 0
# cancelled 0
# skipped 0
# todo 0
# duration_ms 60.748
